        File DSK:EXMMOD.PAS[31024,332212]   Compiled 14-Sep-81 18:04   Pascal, Version 2(330)

        File DSK:EXMMOD.PAS[31024,332212]   Compiled 14-Sep-81 18:04   Pascal, Version 2(330)

        File DSK:EXMMOD.PAS[31024,332212]   Compiled 14-Sep-81 18:04   Pascal, Version 2(330)

        File DSK:EXMMOD.PAS[31024,332212]   Compiled 14-Sep-81 18:04   Pascal, Version 2(330)





	    $   $    $$$    $$$$    $   $   $       $$$$$           $$$$    $$$$    $$$$$
	    $$ $$   $   $    $  $   $   $   $       $               $   $   $   $     $  
	    $ $ $   $   $    $  $   $   $   $       $               $   $   $   $     $  
	    $ $ $   $   $    $  $   $   $   $       $$$             $$$$    $$$$      $  
	    $   $   $   $    $  $   $   $   $       $               $ $     $         $  
	    $   $   $   $    $  $   $   $   $       $               $  $    $         $  
	    $   $    $$$    $$$$     $$$    $$$$$   $$$$$   $$$$$   $   $   $         $  


				    DSK:EXMMOD.PAS[31024,332212]


Options in effect: 

	CHECK, NOSPECIAL, NOMAP, NOSYMBOLS, NOCALLS, NOASSEMBLY, XREF, TRACE, QBLOCKS, NOOPTIMIZE, 
	CODE, DEBUG, FINISH, NOGLOBAL, NOMAINSEG, NOOVERLAY, AUTOQUICK, AUTOSOURCE, NOSTANDARD, 
	LENGTH (45), WIDTH (102), STORAGE (2048), ALLOC (0), ENABLE(P10)




        File DSK:EXMMOD.PAS[31024,332212]   Compiled 14-Sep-81 18:04   Pascal, Version 2(330)

        File DSK:EXMMOD.PAS[31024,332212]   Compiled 14-Sep-81 18:04   Pascal, Version 2(330)

        File DSK:EXMMOD.PAS[31024,332212]   Compiled 14-Sep-81 18:04   Pascal, Version 2(330)

        File DSK:EXMMOD.PAS[31024,332212]   Compiled 14-Sep-81 18:04   Pascal, Version 2(330)
        File DSK:EXMMOD.PAS[31024,332212]   Compiled 14-Sep-81 18:04   Pascal, Version 2(330)

        File DSK:EXMMOD.PAS[31024,332212]   Compiled 14-Sep-81 18:04   Pascal, Version 2(330)

        File DSK:EXMMOD.PAS[31024,332212]   Compiled 14-Sep-81 18:04   Pascal, Version 2(330)

        File DSK:EXMMOD.PAS[31024,332212]   Compiled 14-Sep-81 18:04   Pascal, Version 2(330)





	    $   $    $$$    $$$$    $   $   $       $$$$$           $$$$    $$$$    $$$$$
	    $$ $$   $   $    $  $   $   $   $       $               $   $   $   $     $  
	    $ $ $   $   $    $  $   $   $   $       $               $   $   $   $     $  
	    $ $ $   $   $    $  $   $   $   $       $$$             $$$$    $$$$      $  
	    $   $   $   $    $  $   $   $   $       $               $ $     $         $  
	    $   $   $   $    $  $   $   $   $       $               $  $    $         $  
	    $   $    $$$    $$$$     $$$    $$$$$   $$$$$   $$$$$   $   $   $         $  


				    DSK:EXMMOD.PAS[31024,332212]


Options in effect: 

	CHECK, NOSPECIAL, NOMAP, NOSYMBOLS, NOCALLS, NOASSEMBLY, XREF, TRACE, QBLOCKS, NOOPTIMIZE, 
	CODE, DEBUG, FINISH, NOGLOBAL, NOMAINSEG, NOOVERLAY, AUTOQUICK, AUTOSOURCE, NOSTANDARD, 
	LENGTH (45), WIDTH (102), STORAGE (2048), ALLOC (0), ENABLE(P10)




        File DSK:EXMMOD.PAS[31024,332212]   Compiled 14-Sep-81 18:04   Pascal, Version 2(330)

        File DSK:EXMMOD.PAS[31024,332212]   Compiled 14-Sep-81 18:04   Pascal, Version 2(330)

        File DSK:EXMMOD.PAS[31024,332212]   Compiled 14-Sep-81 18:04   Pascal, Version 2(330)

        File DSK:EXMMOD.PAS[31024,332212]   Compiled 14-Sep-81 18:04   Pascal, Version 2(330)
Pascal, Version 2(330) Symbol Table Dump   14-Sep-81 18:04 Module: MODULE_RPT Page 1




Module MODULE_RPT

  SYMBOLS:
     AIR_FARE			    1-3D	  1-10V
     BADC			    1-1D	  63V
     BADC_PROC			    389D
     BREAKFAST			    1-4D
     BUFFER			    14D		  49M		53P	      53M
	54V	      102P	    111V	  118V		219P	      237V
	319M	      322P
     CAR_RENTAL			    1-3D
     CATEGORIES_AND_TOT		    1-2D
     CATEGORY			    1-10D	  1-20R		7R	      205R
	288R	      303R	    303R
     CATEGORY_CO_PAID		    1-6D
     CATEGORY_EMP_PAID		    1-6D
     CATEGORY_TABLE		    7D		  305V
     CATEGORY_TOTAL		    1-6D
     COMMAND			    42D
     COMPANY_PAID		    1-12D	  230V
     CONVERSION_FACTOR		    10D		  225V
     DATA_SAVE			    8D		  261V		276M	      294M
	347M	      357M
     DAYS			    1-11D	  1-20R		6R	      94R
	96R	      109R	    109R	  205R		289R	      291R
	292R	      332R
     DAYS_AND_TOTALS		    1-7D
     DAY_CO_PAID		    1-9D
     DAY_EMP_PAID		    1-9D
     DAY_TABLE			    6D		  111V		334V
     DAY_TOTAL			    1-9D
     DINNER			    1-5D
     DIR			    13D		  55M		57V	      59V
     DIRECTIVE			    1-1D	  3R		13R	      42R
	55R	      55R
     DONE_ENTERING_EXPE		    205D	  336V
     EMPLOYEE_PAID		    1-12D	  232V
     ENTERTAINMENT		    1-5D
     ENTR			    1-1D
     ENTR_PROC			    285DPascal, Version 2(330) Symbol Table Dump   14-Sep-81 18:04 Module: MODULE_RPT Page 2
Module MODULE_RPT (continued)


     EXP_RECORD			    1-13D	  15R
     FOUND			    11D		  52M		60M	      63V
     FRI			    1-8D
     GOT_A_REAL			    130D	  219V		321V
     GOT_DAY			    94D		  308V
     HELP			    1-1D
     HELP_PROC			    380D
     INIT			    1-1D
     INIT_PROC			    274D
     LOAD			    1-1D
     LOAD_PROC			    365D
     LOCAL_TRANSPORTATI		    1-4D
     LODGING			    1-4D
     LUNCH			    1-4D
     METHOD_OF_MPAYMENT		    4D
     METHOD_OF_PAYMENT		    1-12D	  1-22R		4R
     MISCELLANEOUS		    1-5D	  1-10V		1-10V
     MON			    1-8D
     PARKING			    1-3D
     PERSONAL_AUTO_MILA		    1-3D	  222V		310V
     PRNT			    1-1D
     PRNT_PROC			    345D
     QUIT			    1-1D
     QUIT_PROC			    254D	  368V
     R				    15D		  225M		230M	      232M
     RATE_PER_MILE		    9D		  223V		328M
     READ_STRING		    18D		  53V		102V	      145V
     S4				    12D		  54M		57V
     SAT			    1-8D	  1-11V		1-11V
     SAVE			    1-1D
     SAVE_PROC			    355D
     SUN			    1-8D	  1-11V		104V
     TABLE_DIR			    3D		  57V
     TELEPHONE			    1-5D
     TIPS			    1-5D
     TUE			    1-8D
     TUR			    1-8D
     WED			    1-8D
     Y_N			    70D		  229V		265V	      314V
Pascal, Version 2(330) Symbol Table Dump   14-Sep-81 18:04 Module: MODULE_RPT Page 3


Public function READ_STRING

  Enclosing blocks:
     MODULE_RPT				   module	       		      Level=1

  SYMBOLS:
     BUFFER			    18D		  24M		25M	      25V
	26M	      26V	    26V		  27M		27V	      27V
	29V	      32M	    35M		  35V		35V
     READ_STRING		    18D		  31M		36M


Public function COMMAND

  Enclosing blocks:
     MODULE_RPT				   module	       		      Level=1

  SYMBOLS:
     COMMAND			    42D		  59M		63M


Public function Y_N

  Enclosing blocks:
     MODULE_RPT				   module	       		      Level=1

  SYMBOLS:
     C				    75D		  81M		83V	      88M
	90V
     Y_N			    70D		  90M


Public function GOT_DAY

  Enclosing blocks:
     MODULE_RPT				   module	       		      Level=1

  SYMBOLS:
     1				    100D	  125M
     DAY			    96D		  109M		111V	      113V
     GOT_DAY			    94D		  105M		114M	      120M
     START_DAY			    94D		  104M		113MPascal, Version 2(330) Symbol Table Dump   14-Sep-81 18:04 Module: MODULE_RPT Page 4



Public function GOT_A_REAL

  Enclosing blocks:
     MODULE_RPT				   module	       		      Level=1

  SYMBOLS:
     BUFFER			    130D	  145P		148M	      152V
	158V	      160V	    164V	  200V
     DECIMAL_POINT		    134D	  141M		161M	      161V
	172V	      180V
     DIGITS_AFTER_POINT		    135D	  142M		173M	      174V
	186V
     DIGITS_BEFORE_POIN		    136D	  143M		176M	      177V
	192V
     GOT_A_REAL			    130D	  138M		147M	      155M
	168M	      182M	    188M	  196M
     MAX_DIGITS			    131D	  192V		194V
     MSG			    132D	  140M		154M	      169M
	183M	      189M	    194M	  195M		195V
     RETURN_REAL		    130D	  139M		149M	      200M
     X				    133D	  158M		160V	      164V


Public function DONE_ENTERING_EXPE

  Enclosing blocks:
     MODULE_RPT				   module	       		      Level=1

  SYMBOLS:
     1				    216D	  248M
     AMOUNT			    208D	  219P		223M	      223V
	225V	      226V
     CAT			    205D	  222V		225V	      230V
	232V
     DAY			    205D	  225V		230V	      232V
     DONE_ENTERING_EXPE		    205D	  217M		239M
     ERROR_MSG			    209D	  216M		219P	      244V
     MAX_DIGITS			    210D	  218M		219P


Public procedure QUIT_PROCPascal, Version 2(330) Symbol Table Dump   14-Sep-81 18:04 Module: MODULE_RPT Page 5
Public procedure QUIT_PROC (continued)


  Enclosing blocks:
     MODULE_RPT				   module	       		      Level=1

  SYMBOLS:
     OK				    254D	  265M		265M	      268M


Public procedure INIT_PROC

  Enclosing blocks:
     MODULE_RPT				   module	       		      Level=1


Public procedure ENTR_PROC

  Enclosing blocks:
     MODULE_RPT				   module	       		      Level=1

  SYMBOLS:
     AMOUNT			    287D	  322P		328V
     CAT			    288D	  303M		305V	      310V
	336V
     D				    289D	  332M		334V	      336V
     END_DAY			    292D
     ERR_MSG			    286D	  323P		325V
     MAX_DIGITS			    290D	  307M		320M	      323P
	329M
     START_DAY			    291D	  308P		332V


Public procedure PRNT_PROC

  Enclosing blocks:
     MODULE_RPT				   module	       		      Level=1


Public procedure SAVE_PROC

  Enclosing blocks:
     MODULE_RPT				   module	       		      Level=1Pascal, Version 2(330) Symbol Table Dump   14-Sep-81 18:04 Module: MODULE_RPT Page 6


Public procedure LOAD_PROC

  Enclosing blocks:
     MODULE_RPT				   module	       		      Level=1

  SYMBOLS:
     OK				    366D	  368P		369V


Public procedure HELP_PROC

  Enclosing blocks:
     MODULE_RPT				   module	       		      Level=1


Public procedure BADC_PROC

  Enclosing blocks:
     MODULE_RPT				   module	       		      Level=1
 