	STATIC.:
	;	Begin subroutine ERROR
00009	B.4:	.ENTRY	ERROR,^M<R2,R3,R11,IV>
00013		PUSHAL	-24(FP)			;   LCNT
00016		PUSHAB	-17(FP)			;   LNUM
00056		CMPC3 	S^#5,-17(FP),K.2	;   LNUM
00082		PUSHL 	-24(FP)			;   LCNT
000C4		PUSHAB	-17(FP)			;   LNUM
	;	Begin subroutine ABORT
003CC	B.34:	.WORD	^M<R10,R11,IV>
003D3		MOVL  	-4(FP),R11
00417		MOVL  	-4(FP),R11
	;	Begin subroutine SKIPBLANKS
0050A	B.35:	.WORD	^M<R10,R11,IV>
00511		MOVL  	-4(FP),AP
00515		MOVL  	-4(FP),R11
00527	L.3:	MOVL  	-4(FP),AP
0052B		MOVL  	-4(FP),R11
0054C		MOVL  	-4(FP),AP
00568		MOVL  	-4(FP),R11
	;	Begin subroutine CHECKEOL
0057F	B.36:	.WORD	^M<R10,R11,IV>
00589		MOVL  	-4(FP),R0
00594		MOVL  	-4(FP),R11
00598		MOVL  	-4(FP),R10
005AC	X.1:	MOVB  	AP,-13(FP)		;   CHECKEOL
005B0		MOVZBL	-13(FP),R0		;   CHECKEOL
	;	Begin subroutine CHECKPUNCT
005C3	B.37:	.WORD	^M<R9,R10,R11,IV>
005CD		MOVL  	-4(FP),R0
005D6		MOVL  	-4(FP),R11
005DA		MOVL  	-4(FP),R10
005EC	L.2:	MOVL  	-4(FP),R11
005F0		MOVL  	-4(FP),R10
0060C		MOVB  	S^#1,-13(FP)		;   CHECKPUNCT						; LINE 9/43
00610		MOVL  	-4(FP),R11
0062C		MOVL  	-4(FP),R10
00636		CLRB  	-13(FP)			;   CHECKPUNCT
00639		MOVZBL	-13(FP),R0		;   CHECKPUNCT
	;	Begin subroutine FILE_PARAMETER
00650	B.38:	.WORD	^M<R10,R11,IV>
0065D		CLRB  	-13(FP)			;   FILE_PARAMETER
00660		MOVL  	-4(FP),R0
00669		MOVL  	-4(FP),R11
0066D		MOVL  	-4(FP),R10
0067F		MOVZBL	-13(FP),R0		;   FILE_PARAMETER
00684		MOVL  	-4(FP),R11
00688		MOVL  	-16(R11),-20(FP)	;   LINDEX  L
0068D		MOVL  	-4(FP),R11
00691		MOVL  	-4(FP),R10
006B0		MOVB  	S^#1,-13(FP)		;   FILE_PARAMETER
006B6		MOVL  	-4(FP),R11
006BA		CMPL  	-20(FP),-16(R11)	;   L  LINDEX
006C1		CLRB  	-13(FP)			;   FILE_PARAMETER
006C6		CLRB  	-13(FP)			;   FILE_PARAMETER
006C9		MOVZBL	-13(FP),R0		;   FILE_PARAMETER
	;	;	Begin subroutine OPTION
006D8	B.40:	.WORD	^M<R2,R3,R4,R5,R7,R8,R9,R10,R11,IV>
006E2		CLRB  	-13(FP)			;   OPTION
006E5		MOVL  	-4(FP),R0
006F5		MOVZBL	-13(FP),R0		;   OPTION
006FA		MOVL  	-4(FP),R0
00703		MOVL  	-4(FP),R11
00711		MOVL  	-4(FP),R9
00738	X.2:	MOVL  	-4(FP),R8
00744		MOVL  	-4(FP),R7
00774	X.3:	MOVL  	R8,-20(FP)		;   L
00778		SUBL3 	S^#1,-20(FP),R11	;   L
00781		MOVL  	-4(FP),R10
00791		MOVL  	-4(FP),R8
007CA		MOVL  	-4(FP),R11
007CE		ADDL3 	-20(FP),-16(R11),R11	;   L  LINDEX
007E9		MOVL  	-4(FP),R10
007F1		MOVB  	S^#1,-13(FP)		;   OPTION
007F5		MOVZBL	-13(FP),R0		;   OPTION
	;	Begin subroutine SET_PAGES
00807	B.41:	.WORD	^M<R2,R3,R4,R5,R11,IV>
00811		MOVL  	STATIC.+872,-16(FP)	;   PAGERANGE  LPR
00819		CMPL  	-16(FP),I^#-268435456	;   LPR
00823		TSTL  	-16(FP)			;   LPR
0082E	X.1:	CMPL  	I^#-268435456,-16(FP)	;   LPR
00838		MOVAB 	@-16(FP),R11		;   LPR
00846		TSTL  	-16(FP)			;   LPR
00851	X.3:	CMPL  	I^#-268435456,-16(FP)	;   LPR
0085B		MOVAB 	@-16(FP),R11		;   LPR
0085F		MOVL  	8(R11),-16(FP)		;   LPR
0086F		MOVL  	R0,-20(FP)		;   NPR
00873		TSTL  	-20(FP)			;   NPR
0087E	X.5:	CMPL  	I^#-268435456,-20(FP)	;   NPR
00888		MOVAB 	@-20(FP),R11		;   NPR
0089D		CMPL  	-16(FP),I^#-268435456	;   LPR
008A7		MOVL  	-20(FP),STATIC.+872	;   NPR  PAGERANGE
008B1		TSTL  	-16(FP)			;   LPR
008BC	X.7:	CMPL  	I^#-268435456,-16(FP)	;   LPR008C4		BEQL  	X.8
008C6		MOVAB 	@-16(FP),R11		;   LPR
008CA		MOVL  	-20(FP),8(R11)		;   NPR
008CF		CMPL  	-16(FP),I^#-268435456	;   LPR
008D9	L.11:	TSTL  	-16(FP)			;   LPR
008E4	X.9:	CMPL  	I^#-268435456,-16(FP)	;   LPR
008EE		CMPL  	4(AP),@-16(FP)		;   F  LPR
008F5		MOVW  	S^#24,-46(FP)		;   ^X18
008F9		MOVC3 	-46(FP),K.14,-44(FP)
00903		PUSHAB	-46(FP)
00906		MOVL  	-4(FP),R0
00916		MOVW  	S^#24,-46(FP)		;   ^X18
0091A		MOVC3 	-46(FP),K.15,-44(FP)
00924		PUSHAB	-46(FP)
00927		MOVL  	-4(FP),R0
	;	Begin subroutine T_OPTION
00935		.ASCII	"T_OPTION"0093D	B.42:	.WORD	^M<R2,R3,R4,R5,R8,R9,R10,R11,IV>
0094D		MOVL  	-4(FP),R0
0095D		MOVW  	S^#13,-288(FP)
00962		MOVC3 	-288(FP),K.16,-286(FP)
0096E		PUSHAB	-288(FP)
00972		MOVL  	-4(FP),R0
0097B		MOVL  	-4(FP),R0
00984		CLRW  	-270(FP)		;   TERM
00988	L.4:	MOVAL 	-296(FP),SP
0098D		MOVL  	-4(FP),AP
00991		MOVL  	-4(FP),R11
009A6	L.5:	MOVL  	-4(FP),AP
009AA		MOVL  	-4(FP),R11
009ED		MOVL  	-4(FP),AP
009F1		MOVL  	-4(FP),R11
009F9		MOVW  	-270(FP),R10		;   TERM
00A16		MOVC3 	-270(FP),-270+2(FP),0(R9)
00A36		MOVW  	R10,-270(FP)		;   TERM
00A3B		CMPW  	-270(FP),I^#255		;   TERM  ^XFF
00A44		MOVW  	I^#255,-270(FP)		;   ^XFF  TERM
00A4B	X.2:	MOVC3 	-270(FP),0(R9),-270+2(FP)
00A53		MOVL  	-4(FP),AP
00A6D		BGTR  	X.400A6F		MOVL  	-4(FP),R11
00A7A		CMPC5 	-270(FP),-270+2(FP),S^#32,S^#6,K.18
00A8A		CLRB  	STATIC.+2145		;   TERMINAL
00A92		CMPC5 	-270(FP),-270+2(FP),S^#32,S^#5,K.19
00AA2		MOVB  	S^#2,STATIC.+2145	;   TERMINAL
00AAB		MOVW  	S^#22,-296(FP)		;   ^X16
00AB0		MOVC3 	-296(FP),K.20,-294(FP)
00ABC		PUSHAB	-296(FP)
00AC0		MOVL  	-4(FP),R0
	;	Begin subroutine NUMBER
00AD4	B.39:	.WORD	^M<R7,R8,R9,R10,R11,IV>
00ADE		CLRB  	-13(FP)			;   NUMBER
00AE1		MOVL  	-4(FP),R0
00AEA		CLRL  	-20(FP)			;   LNUM
00AED		MOVL  	-4(FP),R11
00AF1		MOVL  	-4(FP),R10
00B03	L.3:	MOVL  	-4(FP),R11
00B07		MOVL  	-4(FP),R10
00B2A		MOVL  	-4(FP),R11
00B2E		MOVL  	-4(FP),R10
00B36		MULL3 	S^#10,-20(FP),R9	;   LNUM
00B4F		ADDL3 	R9,R11,-20(FP)		;   LNUM
00B54		MOVL  	-4(FP),R1100B58		ADDL3 	S^#1,-16(R11),R11	;   LINDEX
00B70		MOVL  	-4(FP),R10
00B78		MOVB  	S^#1,-13(FP)		;   NUMBER
00B7F		MOVL  	-4(FP),R11
00B83		MOVL  	-4(FP),R10
00B95		MOVL  	-4(FP),R11
00B99		MOVL  	-4(FP),R10
00BA1		MOVZBL	-13(FP),R9		;   NUMBER
00BE3		MOVB  	R11,-13(FP)		;   NUMBER00BE7	L.7:					; LINE 9/77
00BE7		TSTB  	-13(FP)			;   NUMBER
00BEC		MOVL  	-20(FP),@4(AP)		;   LNUM  NUM
00BF1		MOVZBL	-13(FP),R0		;   NUMBER
	;	Begin subroutine R_OPTION
00C02	B.43:	.WORD	^M<R2,R3,R4,R5,IV>
00C0E		MOVL  	-4(FP),R0
00C1E		MOVW  	S^#13,-32(FP)
00C22		MOVC3 	-32(FP),K.21,-30(FP)
00C2C		PUSHAB	-32(FP)
00C2F		MOVL  	-4(FP),R0
00C38		PUSHAL	-16(FP)			;   N
00C3B		MOVL  	-4(FP),R0
00C4B		MOVW  	S^#16,-34(FP)		;   ^X10
00C4F		MOVC3 	-34(FP),K.22,-32(FP)
00C59		PUSHAB	-34(FP)
00C5C		MOVL  	-4(FP),R0
00C65		TSTL  	-16(FP)			;   N
00C6A		MOVW  	S^#23,-42(FP)		;   ^X17
00C6E		MOVC3 	-42(FP),K.23,-40(FP)
00C78		PUSHAB	-42(FP)
00C7B		MOVL  	-4(FP),R0
00C86		CMPL  	-16(FP),S^#8		;   N
00C8C		MOVW  	S^#23,-42(FP)		;   ^X17
00C90		MOVC3 	-42(FP),K.24,-40(FP)
00C9A		PUSHAB	-42(FP)
00C9D		MOVL  	-4(FP),R0
00CA8		MOVL  	-16(FP),STATIC.+664	;   N  REPEAT_CNT
	;	Begin subroutine S_OPTION
00CBD	B.44:	.WORD	^M<R2,R3,R4,R5,IV>
00CC9		MOVL  	-4(FP),R0
00CD9		MOVW  	S^#13,-32(FP)
00CDD		MOVC3 	-32(FP),K.25,-30(FP)
00CE7		PUSHAB	-32(FP)
00CEA		MOVL  	-4(FP),R0
00CF3		PUSHAL	-16(FP)			;   N
00CF6		MOVL  	-4(FP),R0
00D06		MOVW  	S^#21,-40(FP)		;   ^X15
00D0A		MOVC3 	-40(FP),K.26,-38(FP)
00D14		PUSHAB	-40(FP)
00D17		MOVL  	-4(FP),R0
00D26		PUSHL 	-16(FP)			;   N
00D29		MOVL  	-4(FP),R0
	;	Begin subroutine O_OPTION
00D3F	B.45:	.WORD	^M<R2,R3,R4,R5,IV>
00D4B		MOVL  	-4(FP),R0
00D5B		MOVW  	S^#13,-40(FP)
00D5F		MOVC3 	-40(FP),K.27,-38(FP)
00D69		PUSHAB	-40(FP)
00D6C		MOVL  	-4(FP),R0
00D75		PUSHAL	-16(FP)			;   N1
00D78		MOVL  	-4(FP),R0
00D88		MOVW  	S^#16,-42(FP)		;   ^X10
00D8C		MOVC3 	-42(FP),K.28,-40(FP)
00D96		PUSHAB	-42(FP)
00D99		MOVL  	-4(FP),R000D9D		CALLS 	S^#1,B.34
00DA4		MOVL  	-4(FP),R0
00DB6		MOVL  	-4(FP),R0
00DC6		MOVL  	I^#2147483647,-20(FP)	;   ^X7FFFFFFF  N2
00DD0		PUSHAL	-20(FP)			;   N2
00DD3		MOVL  	-4(FP),R0
00DE3		MOVW  	S^#23,-50(FP)		;   ^X17
00DE7		MOVC3 	-50(FP),K.29,-48(FP)
00DF1		PUSHAB	-50(FP)
00DF4		MOVL  	-4(FP),R0
00DFF	L.13:					; LINE 9/17500DFF		MOVL  	-16(FP),-20(FP)		;   N1  N2
00E04		PUSHL 	-20(FP)			;   N2
00E07		PUSHL 	-16(FP)			;   N1
00E0A		MOVL  	-4(FP),R0
00E13		MOVL  	-4(FP),AP
00E17		MOVL  	-16(AP),-24(FP)		;   LINDEX  L
00E1E		MOVL  	-4(FP),R0
00E2E	L.15:	PUSHAL	-16(FP)			;   N1
00E31		MOVL  	-4(FP),R0
00E44		MOVL  	-4(FP),AP
00E48		MOVL  	-24(FP),-16(AP)		;   L  LINDEX
	;	Begin subroutine RUNOFFSET_OPTION
00E62	B.46:	.WORD	^M<R2,R3,R4,R5,IV>
00E6E		MOVL  	-4(FP),R0
00E87		PUSHAL	-16(FP)			;   N
00E8A		MOVL  	-4(FP),R0
00E9A		MOVW  	S^#15,-34(FP)
00E9E		MOVC3 	-34(FP),K.30,-32(FP)
00EA8		PUSHAB	-34(FP)
00EAB		MOVL  	-4(FP),R0
00EB6		MOVL  	-16(FP),RUNOFF_VAL	;   N  RUNOFF_VAL
	;	Begin subroutine RUN_OPTION
00ECD	B.47:	.WORD	^M<R2,R3,R4,R5,R9,R10,R11,IV>00ECF		PUSHL 	R0
00ED7		CLRB  	-17(FP)			;   IN_PPN
00EDC		MOVL  	-4(FP),R0
00EEC		MOVW  	S^#13,-36(FP)
00EF0		MOVC3 	-36(FP),K.31,-34(FP)
00EFA		PUSHAB	-36(FP)
00EFD		MOVL  	-4(FP),R0
00F06		MOVL  	-4(FP),R0
00F0F		MOVL  	-4(FP),AP
00F13		MOVL  	-16(AP),-16(FP)		;   LINDEX  FBEGIN
00F18		MOVL  	-4(FP),AP
00F1C		MOVL  	-4(FP),R11
00F31	L.5:	MOVL  	-4(FP),AP
00F35		MOVL  	-4(FP),R11
00F7C		MOVL  	-4(FP),AP
00F80		MOVL  	-4(FP),R11
00FA9		MOVB  	S^#1,-17(FP)		;   IN_PPN
00FAF		CLRB  	-17(FP)			;   IN_PPN
00FB2		TSTB  	-17(FP)			;   IN_PPN
00FB7	L.10:	MOVL  	-4(FP),AP
00FBB		MOVL  	-4(FP),R11
00FD6		MOVL  	-4(FP),AP
00FF2		MOVL  	-4(FP),R11
01004		MOVL  	-4(FP),AP
01008		SUBL3 	-16(FP),-16(AP),AP	;   FBEGIN  LINDEX
01012		TSTL  	-16(FP)			;   FBEGIN
01017		ADDL3 	AP,-16(FP),R11		;   FBEGIN
0101E		MOVL  	-4(FP),R10
01039		ADDL3 	-16(FP),R11,R9		;   FBEGIN
	;	Begin subroutine INITSCRIBE
01075	B.3:	.WORD	^M<R11,IV>
0107C		CLRL  	STATIC.+764		;   CRINDENT
01082		CLRL  	STATIC.+768		;   CLINDENT
01088		CLRL  	STATIC.+756		;   CURTABCNT
0108E		CLRL  	STATIC.+772		;   CSPACING
01094		MOVZBL	I^#75,STATIC.+776	;   ^X4B  CWIDTH
0109C		MOVZBL	I^#75,STATIC.+780	;   ^X4B  NWIDTH
010A4		MOVL  	S^#5,STATIC.+784	;   CMARGIN
010AB		MOVL  	S^#5,STATIC.+788	;   NMARGIN
010B2		MOVL  	S^#6,STATIC.+800	;   CTOP
010B9		MOVL  	S^#6,STATIC.+804	;   NTOP
010C0		MOVL  	S^#6,STATIC.+808	;   CBOTTOM
010C7		MOVL  	S^#6,STATIC.+812	;   NBOTTOM
010CE		MOVZBL	I^#66,STATIC.+816	;   ^X42  CLENGTH
010D6		MOVZBL	I^#66,STATIC.+820	;   ^X42  NLENGTH
010DE		MOVL  	I^#-268435456,STATIC.+824
						; LINE 5-88010E9		MOVL  	I^#-268435456,STATIC.+828
010F4		MOVL  	I^#-268435456,STATIC.+832
010FF		MOVL  	I^#-268435456,STATIC.+836
0110A		MOVB  	S^#1,STATIC.+848	;   CNUMBER
01111		MOVB  	S^#1,STATIC.+860	;   NNUMBER
01118		MOVB  	S^#2,STATIC.+848+1	;   CNUMBER
0111F		MOVB  	S^#2,STATIC.+860+1	;   NNUMBER
01126		MOVL  	S^#1,STATIC.+848+4	;   CNUMBER
0112D		MOVL  	S^#1,STATIC.+860+4	;   NNUMBER
01134		CLRL  	STATIC.+760		;   PINDENT
0113A		CLRL  	STATIC.+796		;   PAGECNT
01140		MOVL  	I^#-268435456,STATIC.+872
0114B		CLRB  	STATIC.+1989		;   CURSTATE
01151		CLRB  	STATIC.+1992		;   DONE
01157		MOVB  	S^#1,STATIC.+1990	;   ATTOP
0115E		MOVL  	S^#1,STATIC.+664	;   REPEAT_CNT
01165		CLRB  	STATIC.+1999		;   DASHES
0116B		CLRB  	STATIC.+2000		;   BACKSPACE
01171		MOVB  	S^#1,STATIC.+2001	;   DO_UNDER
01178		CLRB  	STATIC.+1995		;   PAUSE
0117E		CLRB  	STATIC.+1996		;   ADVANCE						; LINE 5-100
01184		CLRB  	STATIC.+1997		;   CC
0118A		CLRB  	STATIC.+1998		;   PRINTLNUM
011A8		MOVB  	S^#1,STATIC.+1991	;   PAGE_TOP
011AF		MOVB  	S^#1,STATIC.+2145	;   TERMINAL
011B6		CLRL  	STATIC.+1908		;   CHCNT
011BC		MOVL  	S^#1,STATIC.+8		;   CLEVEL
011C3		MOVL  	S^#1,STATIC.+44		;   CURPOSN
011CA		CLRB  	STATIC.+44+4		;   CURPOSN
011D0	L.2:	MOVL  	S^#2,STATIC.+2012	;   I
011D7		INDEX 	STATIC.+2012,S^#1,S^#8,S^#8,I^#-1,AP
011E6		MOVAB 	STATIC.+44,R11		;   CURPOSN
011F2		INDEX 	STATIC.+2012,S^#1,S^#8,S^#8,I^#-1,AP
01201		MOVAB 	STATIC.+44,R11		;   CURPOSN
0120F		ADDL3 	S^#1,STATIC.+2012,STATIC.+2012
						;   I  I0121B		CMPL  	STATIC.+2012,S^#8	;   I
01224		CLRL  	STATIC.+12		;   CURLEVNUM
	;	Begin subroutine INIT_TABLE
01239	B.5:	.WORD	^M<R11,IV>
01243	L.2:	MOVB  	S^#32,-13(FP)		;   ^X20  CHRCTR
01247		MOVZBL	-13(FP),AP		;   CHRCTR
01256		MOVB  	-13(FP),STATIC.+2016[AP];   CHRCTR  MAP
0125F		MOVZBL	-13(FP),AP		;   CHRCTR
01265		MOVB  	AP,-13(FP)		;   CHRCTR
01272		MOVB  	S^#32,STATIC.+2016+92	;   ^X20  MAP
	;	Begin subroutine FREEHDRTRLR	;
01289	B.8:	.WORD	^M<R11,IV>
0129D		MOVL  	@4(AP),-16(FP)		;   P  PP
012C1		PUSHL 	-16(FP)			;   PP
	;	Begin subroutine DISCARD_PAGERANGE
012D2		.ASCII	"DISCARD_PAGERANGE"012E3	B.9:	.WORD	^M<IV>
012ED		CMPL  	STATIC.+872,I^#-268435456
012FA		MOVL  	STATIC.+872,-16(FP)	;   PAGERANGE  PR
01302		TSTL  	STATIC.+872		;   PAGERANGE
01310	X.1:	CMPL  	I^#-268435456,STATIC.+872
0131D		MOVAB 	@STATIC.+872,AP		;   PAGERANGE
01324		MOVL  	8(AP),STATIC.+872	;   PAGERANGE
0132C		PUSHL 	-16(FP)			;   PR
	;	Begin subroutine INRANGE
01344	B.6:	.WORD	^M<IV>
0134E		CMPL  	STATIC.+872,I^#-268435456
0135B	L.2:	TSTL  	STATIC.+872		;   PAGERANGE
01369	X.1:	CMPL  	I^#-268435456,STATIC.+872
01376		CMPL  	@STATIC.+872,STATIC.+796;   PAGERANGE  PAGECNT
01383	L.3:	TSTL  	STATIC.+872		;   PAGERANGE
01391	X.3:	CMPL  	I^#-268435456,STATIC.+872
0139E		MOVAB 	@STATIC.+872,AP		;   PAGERANGE
013A5		CMPL  	STATIC.+796,4(AP)	;   PAGECNT
013B6	X.5:	MOVB  	AP,-13(FP)		;   INRANGE
013BA		MOVZBL	-13(FP),R0		;   INRANGE
	;	Begin subroutine WRITECH
013CA	B.11:	.WORD	^M<R10,R11,IV>
013D4		MOVW  	@4(AP),-14(FP)		;   V_CH  CH
013D9		CMPB  	-14(FP),S^#9		;   CH
013E2		MCOMB 	-14+1(FP),R1		;   CH
013E6		BICB3 	R1,K.34,-29(FP)
013EF		TSTB  	-29(FP)
013F4		MOVB  	I^#92,-14(FP)		;   ^X5C  CH
013FB		MOVB  	S^#32,-14(FP)		;   ^X20  CH
013FF		CMPL  	STATIC.+1908,I^#255	;   CHCNT  ^XFF
0140C		ADDL3 	S^#1,STATIC.+1908,STATIC.+1908
01418		INDEX 	STATIC.+1908,S^#1,I^#255,S^#2,I^#-1,R11
0142B		MOVAB 	STATIC.+1394,R10	;   OUTBUF
01435		MOVW  	-14(FP),0(R10)		;   CH
01439		ADDL3 	STATIC.+768,STATIC.+784,R11
01445		ADDL2 	STATIC.+760,R11		;   PINDENT
0144C		SUBL3 	R11,STATIC.+1908,-20(FP);   CHCNT  TABCHCNT						; LINE 2/35
01455		MOVL  	STATIC.+756,-28(FP)	;   CURTABCNT  V.102
0145D		TSTL  	STATIC.+756		;   CURTABCNT
01468	L.8:	CMPL  	STATIC.+756,S^#1	;   CURTABCNT
01477	X.1:	MOVL  	S^#1,-24(FP)		;   TABPOSN
0147B		INDEX 	-24(FP),S^#1,S^#20,S^#1,I^#-1,R11
01487		CMPL  	-20(FP),STATIC.+676[R11];   TABCHCNT  CURTABS
01492		INDEX 	-24(FP),S^#1,S^#20,S^#1,I^#-1,R11
0149E		SUBL3 	-20(FP),STATIC.+676[R11],R11
014AD		CMPL  	STATIC.+1908,I^#255	;   CHCNT  ^XFF
014BA		ADDL3 	S^#1,STATIC.+1908,STATIC.+1908
014C6		INDEX 	STATIC.+1908,S^#1,I^#255,S^#2,I^#-1,R11
014D9		MOVAB 	STATIC.+1394,R10	;   OUTBUF
014E3		MOVW  	-14(FP),0(R10)		;   CH
						; LINE 2/42014E7		ADDL3 	S^#1,-20(FP),-20(FP)	;   TABCHCNT  TABCHCNT
014F1	L.16:	ADDL3 	S^#1,-24(FP),-24(FP)	;   TABPOSN  TABPOSN
014F7		CMPL  	-24(FP),-28(FP)		;   TABPOSN  V.102
01503		ADDL3 	S^#1,STATIC.+1908,STATIC.+1908
0150F		INDEX 	STATIC.+1908,S^#1,I^#255,S^#2,I^#-1,R11
01522		MOVAB 	STATIC.+1394,R10	;   OUTBUF
0152C		MOVW  	-14(FP),0(R10)		;   CH
	;	Begin subroutine ADD_REVIS_BARS
01543	B.14:	.WORD	^M<R10,R11,IV>
0154D		TSTL  	STATIC.+784		;   CMARGIN
01558		DIVL3 	S^#2,STATIC.+784,R10	;   CMARGIN
01568	X.1:	MOVL  	R11,-16(FP)		;   POS
0156C		INDEX 	-16(FP),S^#1,I^#255,S^#2,I^#-1,R11
	;	Begin subroutine WRITEOL
01590	B.15:	.WORD	^M<R11,IV>
015A9		MOVL  	STATIC.+1908,-24(FP)	;   CHCNT  V.114
015B1		TSTL  	STATIC.+1908		;   CHCNT
015B9	L.3:	MOVL  	S^#1,-20(FP)		;   J
015BD		INDEX 	-20(FP),S^#1,I^#255,S^#2,I^#-1,AP
015CD		MOVAB 	STATIC.+1394,R11	;   OUTBUF
015DC		PUSHAB	STATIC.+1394		;   OUTBUF
015E9	L.6:	ADDL3 	S^#1,-20(FP),-20(FP)	;   J  J
015EF		CMPL  	-20(FP),-24(FP)		;   J  V.114
015F6		MOVZBL	STATIC.+2145,-(SP)	;   TERMINAL
015FD		PUSHAB	STATIC.+2016		;   MAP
01603		MOVZBL	STATIC.+2000,-(SP)	;   BACKSPACE
0160A		MOVZBL	STATIC.+2001,-(SP)	;   DO_UNDER
01611		PUSHL 	STATIC.+1908		;   CHCNT
01617		PUSHAB	STATIC.+1394		;   OUTBUF
01652		TSTB  	STATIC.+1995		;   PAUSE
01682		CMPL  	STATIC.+1908,STATIC.+776;   CHCNT  CWIDTH
01696		CLRL  	STATIC.+1908		;   CHCNT
	;	Begin subroutine FSIZE
016A6	B.7:	.WORD	^M<IV>
016B0		MOVL  	4(AP),-24(FP)		;   V_VALUE  VALUE
016B5		CLRL  	-20(FP)			;   SIZE
016B8		ADDL3 	S^#1,-20(FP),-20(FP)	;   SIZE  SIZE						; LINE 1/20
016BE		DIVL3 	S^#10,-24(FP),-24(FP)	;   VALUE  VALUE
016C4		TSTL  	-24(FP)			;   VALUE
016C9		MOVL  	-20(FP),-16(FP)		;   SIZE  FSIZE
016CE		MOVL  	-16(FP),R0		;   FSIZE
	;	Begin subroutine WRITESP
016DE	B.10:	.WORD	^M<R10,R11,IV>
016E8		MOVL  	4(AP),-20(FP)		;   V_COUNT  COUNT
016ED		ADDL3 	-20(FP),STATIC.+1908,R11;   COUNT  CHCNT
016FF		SUBL3 	-20(FP),I^#255,-20(FP)	;   COUNT  ^XFF  COUNT
01709		MOVL  	-20(FP),-24(FP)		;   COUNT  V.97
0170E		TSTL  	-20(FP)			;   COUNT
01713	L.4:	MOVL  	S^#1,-16(FP)		;   I
01717		ADDL3 	S^#1,STATIC.+1908,STATIC.+1908
01723		INDEX 	STATIC.+1908,S^#1,I^#255,S^#2,I^#-1,R11
01736		MOVAB 	STATIC.+1394,R10	;   OUTBUF
01747		ADDL3 	S^#1,-16(FP),-16(FP)	;   I  I
0174D		CMPL  	-16(FP),-24(FP)		;   I  V.97
	;	Begin subroutine WRITEN
0175F	B.12:	.WORD	^M<R9,R10,R11,IV>
01769		MOVL  	4(AP),-24(FP)		;   V_NUM  NUM
0176E		MOVL  	8(AP),-28(FP)		;   V_FSIZE  FSIZE
01773		ADDL3 	-28(FP),STATIC.+1908,R11;   FSIZE  CHCNT
01785		SUBL3 	STATIC.+1908,I^#255,-28(FP)
01792	L.3:					; LINE 2/6201792		MOVL  	-28(FP),-20(FP)		;   FSIZE  PSIZE
01797		MOVL  	-24(FP),R10		;   NUM
017A5		MOVL  	R11,-16(FP)		;   DIGIT
017A9		DIVL3 	S^#10,-24(FP),-24(FP)	;   NUM  NUM
017AF		ADDL3 	-28(FP),STATIC.+1908,R11;   FSIZE  CHCNT
017B8		ADDL3 	S^#48,-16(FP),R10	;   ^X30  DIGIT
017DF		MOVAB 	STATIC.+1394,R9		;   OUTBUF
017EF		ADDL3 	-28(FP),STATIC.+1908,R11;   FSIZE  CHCNT
01807		MOVAB 	STATIC.+1394,R10	;   OUTBUF
01814		SUBL3 	S^#1,-28(FP),-28(FP)	;   FSIZE  FSIZE
0181A		TSTL  	-24(FP)			;   NUM
0181F	L.5:	TSTL  	-28(FP)			;   FSIZE
01827		TSTL  	-28(FP)			;   FSIZE
0182C		ADDL3 	-28(FP),STATIC.+1908,R11;   FSIZE  CHCNT
01844		MOVAB 	STATIC.+1394,R10	;   OUTBUF
01855		SUBL3 	S^#1,-28(FP),-28(FP)	;   FSIZE  FSIZE
0185D		ADDL3 	-20(FP),STATIC.+1908,STATIC.+1908
	;	Begin subroutine DONUM
01874	B.16:	.WORD	^M<R11,IV>
01886		MOVL  	R0,-16(FP)		;   NSIZE
0189B		SUBL3 	STATIC.+784,STATIC.+776,R11
018A7		SUBL2 	-16(FP),R11		;   NSIZE
018B6		SUBL3 	-16(FP),STATIC.+776,-(SP)
018C4		PUSHL 	-16(FP)			;   NSIZE
018D2		SUBL3 	STATIC.+784,STATIC.+776,R11
018DE		SUBL2 	-16(FP),R11		;   NSIZE
018ED		PUSHL 	-16(FP)			;   NSIZE
018FA		SUBL3 	STATIC.+784,STATIC.+776,R11
01906		SUBL2 	-16(FP),R11		;   NSIZE
01918		SUBL3 	ST+784,STATIC.+776,R11
01924		SUBL2 	-16(FP),R11		;   NSIZE
0192E		ADDL3 	STATIC.+784,R11,-(SP)	;   CMARGIN
0194D		PUSHL 	-16(FP)			;   NSIZE
	;	Begin subroutine NEW_JUST
01984	B.17:	.WORD	^M<R11,IV>
0198B		TSTB  	STATIC.+848+8		;   CNUMBER
01993		MOVZBL	STATIC.+848+1,AP	;   CNUMBER
019A6		MOVL  	STATIC.+796,R11		;   PAGECNT
019BB		MOVB  	S^#1,STATIC.+2144	;   NJUST
019C4		CLRB  	STATIC.+2144		;   NJUST019CA	L.7:	BRB   	L.13
019CC		MOVL  	STATIC.+796,R11		;   PAGECNT
019E1		CLRB  	STATIC.+2144		;   NJUST
019E9		MOVB  	S^#1,STATIC.+2144	;   NJUST
019FA		MOVB  	STATIC.+848+1,STATIC.+2144
	;	Begin subroutine BACKSLASH
01A13	B.18:	.WORD	^M<R11,IV>
01A28	X.1:	MOVB  	R11,-13(FP)		;   BACKSLASH
01A2C		MOVZBL	-13(FP),R0		;   BACKSLASH
	;	Begin subroutine WRTHDRTXT
01A3E	B.19:	.WORD	^M<R10,R11,IV>
01A4C		MOVL  	0(R11),-20(FP)		;   V.118
01A54	L.2:	MOVL  	S^#1,-16(FP)		;   I
01A58		INDEX 	-16(FP),S^#1,I^#255,S^#2,I^#-1,R10
01A92		INDEX 	-16(FP),S^#1,I^#255,S^#2,I^#-1,R10
01AAE	L.6:	ADDL3 	S^#1,-16(FP),-16(FP)	;   I  I
01AB4		CMPL  	-16(FP),-20(FP)		;   I  V.118
	;	Begin subroutine HDRLEN
01AC6	B.20:	.WORD	^M<R10,R11,IV>
01AD4		MOVL  	0(R11),-24(FP)		;   J
01AD8		MOVL  	0(R11),-28(FP)		;   V.122
01ADE		BLEQ  	L.701AE0	L.3:	MOVL  	S^#1,-20(FP)		;   I
01AE4		INDEX 	-20(FP),S^#1,I^#255,S^#2,I^#-1,R10
01B12		ADDL2 	-24(FP),R10		;   J
01B16		SUBL3 	S^#1,R10,-24(FP)	;   J
01B1B	L.6:	ADDL3 	S^#1,-20(FP),-20(FP)	;   I  I
01B21		CMPL  	-20(FP),-28(FP)		;   I  V.122
01B28		MOVL  	-24(FP),-16(FP)		;   J  HDRLEN
01B2D		MOVL  	-16(FP),R0		;   HDRLEN
	;	Begin subroutine DOHDR
01B3B	B.21:	.WORD	^M<R10,R11,IV>
01B53		SUBL3 	STATIC.+784,STATIC.+776,R10
01B8E		SUBL3 	R11,STATIC.+776,-(SP)	;   CWIDTH
01B9D		PUSHL 	STATIC.+784		;   CMARGIN
01BAA		SUBL3 	STATIC.+784,STATIC.+776,R11
01BC7		DIVL2 	S^#2,R1101BCA		ADDL3 	STATIC.+784,R11,-(SP)	;   CMARGIN
	;	Begin subroutine DOHDRNUM
01BFC	B.22:	.WORD	^M<R10,R11,IV>
01C0E		MOVL  	R0,-16(FP)		;   NSIZE
01C1D		MOVL  	R0,-20(FP)		;   HSIZE
01C25		MOVB  	520(R11),-25(FP)	;   TEMPJUST
01C2B		SUBL3 	STATIC.+784,STATIC.+776,R11
						;   CMARGIN  CWIDTH01C37		SUBL2 	-20(FP),R11		;   HSIZE
01C3B		SUBL3 	-16(FP),R11,-24(FP)	;   NSIZE  FILLSIZE
01C41		ADDL3 	-16(FP),-20(FP),R11	;   NSIZE  HSIZE
01C49		SUBL3 	STATIC.+784,STATIC.+776,R10
01C65		CMPB  	-25(FP),S^#2		;   TEMPJUST
01C71		CLRB  	-25(FP)			;   TEMPJUST
01C76		MOVB  	S^#1,-25(FP)		;   TEMPJUST
01C7A		PUSHL 	STATIC.+784		;   CMARGIN
01C8B		PUSHL 	-16(FP)			;   NSIZE
01C96		CMPB  	-25(FP),S^#1		;   TEMPJUST
01CA5		PUSHL 	-24(FP)			;   FILLSIZE
01CBA		CMPB  	-25(FP),S^#1		;   TEMPJUST
01CCB		PUSHL 	-24(FP)			;   FILLSIZE
01CD5		SUBL3 	S^#1,-24(FP),-(SP)	;   FILLSIZE
01CF1		PUSHL 	-16(FP)			;   NSIZE
	;	Begin subroutine HDRCNT
01D0C	B.23:	.WORD	^M<R11,IV>
01D20		CLRL  	-16(FP)			;   HDRCNT
01D4A		ADDL3 	S^#1,R11,-16(FP)	;   HDRCNT
01D4F		MOVL  	-16(FP),R0		;   HDRCNT
	;	Begin subroutine DOTOP
01D5D	B.25:	.WORD	^M<R2,R3,R4,R5,IV>
01D67		MOVL  	STATIC.+804,STATIC.+800	;   NTOP  CTOP
01D72		MOVL  	STATIC.+812,STATIC.+808	;   NBOTTOM  CBOTTOM
01D7D		MOVL  	STATIC.+820,STATIC.+816	;   NLENGTH  CLENGTH
01D88		CMPL  	STATIC.+828,STATIC.+824	;   NTITLE  CTITLE
01D95		PUSHAL	STATIC.+824		;   CTITLE
01DA0		MOVL  	STATIC.+828,STATIC.+824	;   NTITLE  CTITLE
						; LINE 5/1201DAB		CMPL  	STATIC.+836,STATIC.+832	;   NFOOT  CFOOT
01DB8		PUSHAL	STATIC.+832		;   CFOOT
01DC3		MOVL  	STATIC.+836,STATIC.+832	;   NFOOT  CFOOT
01DCE		MOVC3 	S^#9,STATIC.+860,STATIC.+848
01DDA		ADDL3 	S^#1,STATIC.+860+4,STATIC.+860+4
01DE6		ADDL3 	S^#1,STATIC.+796,STATIC.+796
01DF2		TSTL  	STATIC.+872		;   PAGERANGE
01E00	X.1:	CMPL  	I^#-268435456,STATIC.+872
01E0D		MOVAB 	@STATIC.+872,AP		;   PAGERANGE
01E14		CMPL  	STATIC.+796,4(AP)	;   PAGECNT
01E1E		MOVL  	STATIC.+872,STATIC.+876	;   PAGERANGE  NPR
01E29		TSTL  	STATIC.+872		;   PAGERANGE
01E37	X.3:	CMPL  	I^#-268435456,STATIC.+872
01E44		MOVAB 	@STATIC.+872,AP		;   PAGERANGE
01E4B		MOVL  	8(AP),STATIC.+872	;   PAGERANGE
01E53		PUSHL 	STATIC.+876		;   NPR01E59		CALLS 	S^#1,PAX_UTL.DSPOS
01E60		CMPL  	STATIC.+872,I^#-268435456
01E6D		MOVB  	S^#1,STATIC.+1992	;   DONE
01E74		CLRB  	STATIC.+1990		;   ATTOP
01E8A		TSTL  	STATIC.+816		;   CLENGTH
01E92	L.10:	ADDL3 	STATIC.+808,STATIC.+800,AP
01EA1		CMPL  	STATIC.+816,AP		;   CLENGTH
01EB1		ADDL3 	STATIC.+808,STATIC.+800,AP
01EBD		ADDL3 	S^#2,AP,STATIC.+816	;   CLENGTH
01ED1	L.13:	TSTB  	STATIC.+1995		;   PAUSE01ED7		BEQL  	L.15
01F01		TSTB  	STATIC.+1999		;   DASHES
01F09		MOVL  	STATIC.+776,-32(FP)	;   CWIDTH  V.135
01F11		TSTL  	STATIC.+776		;   CWIDTH
01F19	L.17:	MOVL  	S^#1,-16(FP)		;   I
01F28		ADDL3 	S^#1,-16(FP),-16(FP)	;   I  I
01F2E		CMPL  	-16(FP),-32(FP)		;   I  V.135
01F3F		PUSHL 	STATIC.+824		;   CTITLE
01F4A		MOVL  	R0,-24(FP)		;   MIDDLE
01F4E		TSTB  	STATIC.+848		;   CNUMBER
01F56		CMPB  	STATIC.+2144,S^#2	;   NJUST
01F5F		ADDL3 	S^#1,-24(FP),-24(FP)	;   MIDDLE  MIDDLE
01F65		TSTL  	-24(FP)			;   MIDDLE
01F6A		ADDL3 	S^#2,-24(FP),AP		;   MIDDLE
01F6F		CMPL  	AP,STATIC.+800		;   CTOP
01F7F		CLRL  	-24(FP)			;   MIDDLE
01F82		SUBL3 	-24(FP),STATIC.+800,AP	;   MIDDLE  CTOP
01F8B		DIVL3 	S^#2,AP,-20(FP)		;   AFTER
01F90		SUBL3 	-20(FP),STATIC.+800,AP	;   AFTER  CTOP
01F99		SUBL3 	-24(FP),AP,-36(FP)	;   MIDDLE  V.136
01F9F		TSTL  	-36(FP)			;   V.136
01FA4	L.29:	MOVL  	S^#1,-16(FP)		;   I
01FAD		ADDL3 	S^#1,-16(FP),-16(FP)	;   I  I
01FB3		CMPL  	-16(FP),-36(FP)		;   I  V.136
01FBA		TSTL  	-24(FP)			;   MIDDLE
01FC2	L.32:					; LINE 5/6001FC2		PUSHL 	STATIC.+824		;   CTITLE
01FD4		MOVZBL	STATIC.+2144,-(SP)	;   NJUST
01FDB		PUSHL 	STATIC.+848+4		;   CNUMBER
01FE9		TSTB  	STATIC.+848		;   CNUMBER
01FF1		CMPB  	STATIC.+2144,S^#2	;   NJUST
01FFC		PUSHL 	STATIC.+848+4		;   CNUMBER
02007		TSTL  	STATIC.+824		;   CTITLE
02015	X.7:	CMPL  	I^#-268435456,STATIC.+824
02022		PUSHL 	STATIC.+848+4		;   CNUMBER
02028		PUSHAB	@STATIC.+824		;   CTITLE
02035		TSTL  	STATIC.+824		;   CTITLE
02043	X.9:	CMPL  	I^#-268435456,STATIC.+824
02050		MOVZBL	STATIC.+2144,-(SP)	;   NJUST
02057		PUSHL 	STATIC.+848+4		;   CNUMBER
0205D		PUSHAB	@STATIC.+824		;   CTITLE
0206A		TSTL  	STATIC.+824		;   CTITLE
02078	X.11:	CMPL  	I^#-268435456,STATIC.+824
02085		PUSHL 	STATIC.+848+4		;   CNUMBER
0208B		PUSHAB	@STATIC.+824		;   CTITLE
02096		TSTL  	STATIC.+824		;   CTITLE
020A4	X.13:	CMPL  	I^#-268435456,STATIC.+824
020B1		MOVAB 	@STATIC.+824,AP		;   CTITLE
020B8		MOVL  	516(AP),-28(FP)		;   P
020BE		CMPL  	-28(FP),I^#-268435456	;   P
020C8		TSTL  	-28(FP)			;   P
020D3	X.15:	CMPL  	I^#-268435456,-28(FP)	;   P
020DD		PUSHL 	STATIC.+848+4		;   CNUMBER
020E3		PUSHAB	@-28(FP)		;   P020E6		CALLS 	S^#2,B.21
020EB		TSTL  	-28(FP)			;   P
020F6	X.17:	CMPL  	I^#-268435456,-28(FP)	;   P
02100		MOVAB 	@-28(FP),AP		;   P
02104		MOVL  	516(AP),-28(FP)		;   P
0210C		MOVL  	-20(FP),-40(FP)		;   AFTER  V.137
02111		TSTL  	-20(FP)			;   AFTER
02116	L.47:	MOVL  	S^#1,-16(FP)		;   I
0211F		ADDL3 	S^#1,-16(FP),-16(FP)	;   I  I
02125		CMPL  	-16(FP),-40(FP)		;   I  V.137
0212C		ADDL3 	S^#1,STATIC.+800,STATIC.+792
02138		CLRB  	STATIC.+1990		;   ATTOP
	;	Begin subroutine DOPAGE
02149	B.26:	.WORD	^M<IV>0214B		PUSHL 	R0
02153		TSTB  	STATIC.+1990		;   ATTOP
0215E		TSTL  	STATIC.+816		;   CLENGTH
02166		SUBL3 	STATIC.+792,STATIC.+816,AP
02172		SUBL3 	STATIC.+808,AP,-28(FP)	;   CBOTTOM  PAD
0217D		CLRL  	-28(FP)			;   PAD
02180		PUSHL 	STATIC.+832		;   CFOOT
0218B		MOVL  	R0,-24(FP)		;   MIDDLE
0218F		CMPB  	STATIC.+848,S^#1	;   CNUMBER
02198		CMPB  	STATIC.+2144,S^#2	;   NJUST
021A1		ADDL3 	S^#1,-24(FP),-24(FP)	;   MIDDLE  MIDDLE
021A7		TSTL  	-24(FP)			;   MIDDLE
021AC	L.10:					; LINE 6/13021AC		ADDL3 	S^#2,-24(FP),AP		;   MIDDLE
021B1		CMPL  	AP,STATIC.+808		;   CBOTTOM
021C1		CLRL  	-24(FP)			;   MIDDLE
021C4		TSTL  	-24(FP)			;   MIDDLE
021CC		SUBL3 	-24(FP),STATIC.+808,AP	;   MIDDLE  CBOTTOM
021D5		DIVL3 	S^#2,AP,-20(FP)		;   BEFORE
021DA		ADDL3 	-28(FP),-20(FP),-36(FP)	;   PAD  BEFORE  V.143
021E1		TSTL  	-36(FP)			;   V.143
021E6	L.16:	MOVL  	S^#1,-16(FP)		;   I
021EF		ADDL3 	S^#1,-16(FP),-16(FP)	;   I  I
021F5		CMPL  	-16(FP),-36(FP)		;   I  V.143
021FC		PUSHL 	STATIC.+832		;   CFOOT
0220E	L.19:					; LINE 6/200220E		MOVZBL	STATIC.+2144,-(SP)	;   NJUST
02215		PUSHL 	STATIC.+848+4		;   CNUMBER
02223		MOVL  	STATIC.+832,-32(FP)	;   CFOOT  P
0222B		TSTL  	-32(FP)			;   P
02236	X.1:	CMPL  	I^#-268435456,-32(FP)	;   P
02240		MOVAB 	@-32(FP),AP		;   P
0224F		TSTL  	-32(FP)			;   P
0225A	X.3:	CMPL  	I^#-268435456,-32(FP)	;   P
02264		PUSHL 	STATIC.+848+4		;   CNUMBER
0226A		PUSHAB	@-32(FP)		;   P
02272		TSTL  	-32(FP)			;   P
0227D	X.5:	CMPL  	I^#-268435456,-32(FP)	;   P
02287		MOVAB 	@-32(FP),AP		;   P
0228B		MOVL  	516(AP),-32(FP)		;   P
02293		CMPB  	STATIC.+848,S^#1	;   CNUMBER
0229C		CMPB  	STATIC.+2144,S^#2	;   NJUST
022A5		TSTL  	-32(FP)			;   P
022B0	X.7:	CMPL  	I^#-268435456,-32(FP)	;   P
022BA		PUSHL 	STATIC.+848+4		;   CNUMBER
022C0		PUSHAB	@-32(FP)		;   P
022CA		PUSHL 	STATIC.+848+4		;   CNUMBER
022D7		TSTL  	-32(FP)			;   P
022E2	X.9:	CMPL  	I^#-268435456,-32(FP)	;   P
022EC		MOVZBL	STATIC.+2144,-(SP)	;   NJUST
022F3		PUSHL 	STATIC.+848+4		;   CNUMBER
022F9		PUSHAB	@-32(FP)		;   P
02303		TSTL  	-32(FP)			;   P
0230E	X.11:	CMPL  	I^#-268435456,-32(FP)	;   P
02318		PUSHL 	STATIC.+848+4		;   CNUMBER
0231E		PUSHAB	@-32(FP)		;   P
02326		TSTB  	STATIC.+1997		;   CC
0232E		SUBL3 	-24(FP),STATIC.+808,AP	;   MIDDLE  CBOTTOM
02337		SUBL3 	-20(FP),AP,-40(FP)	;   BEFORE  V.144
0233D		TSTL  	-40(FP)			;   V.144
02342	L.33:	MOVL  	S^#1,-16(FP)		;   I
0234B		ADDL3 	S^#1,-16(FP),-16(FP)	;   I  I
02351		CMPL  	-16(FP),-40(FP)		;   I  V.144
0239B		TSTB  	STATIC.+1997		;   CC
023A3		ADDL3 	STATIC.+808,-28(FP),-44(FP)
023AD		TSTL  	-44(FP)			;   V.145
023B2	L.42:	MOVL  	S^#1,-16(FP)		;   I
023BB		ADDL3 	S^#1,-16(FP),-16(FP)	;   I  I
023C1		CMPL  	-16(FP),-44(FP)		;   I  V.145
02409		MOVB  	S^#1,STATIC.+1990	;   ATTOP
	;	Begin subroutine WRITENL
0241C	B.27:	.WORD	^M<IV>
02423		TSTB  	STATIC.+4		;   EOF_INF
0242B		ADDL3 	S^#1,STATIC.+792,STATIC.+792
0243C		SUBL3 	STATIC.+808,STATIC.+816,AP
02448		CMPL  	STATIC.+792,AP		;   LINECNT
02451	L.3:	TSTL  	STATIC.+816		;   CLENGTH
02459		CLRB  	STATIC.+1991		;   PAGE_TOP
0245F		MOVL  	-4(FP),R0
0246A		CLRB  	STATIC.+4		;   EOF_INF
	;	Begin subroutine ERROR
0247A	B.29:	.WORD	^M<R2,R3,IV>
02484		MOVL  	-4(FP),AP
02491		PUSHAL	-24(FP)			;   LCNT
02494		PUSHAB	-17(FP)			;   LNUM
0249E		CMPC3 	S^#5,-17(FP),K.38	;   LNUM
024CA		PUSHL 	-24(FP)			;   LCNT
024FF		PUSHAB	-17(FP)			;   LNUM
02542		MOVZBL	STATIC.+2145,-(SP)	;   TERMINAL
02549		PUSHAB	STATIC.+2016		;   MAP
02553		PUSHL 	STATIC.+656		;   CMDLEN
02559		PUSHAB	STATIC.+144		;   CMDLN
025AF		MOVL  	-4(FP),AP
02665		MOVL  	-4(FP),AP
	;	Begin subroutine MAKE_MAPPING
0267F	B.30:	.WORD	^M<R2,R3,R4,R5,R9,R10,R11,IV>
02689		MOVL  	I^#-268435456,-16(FP)	;   STRINGTO
02691		MOVL  	I^#-268435456,-20(FP)	;   STRINGFROM
02699		MOVL  	-4(FP),AP
026B6		MOVL  	-4(FP),R0
026CC		MOVL  	R0,-20(FP)		;   STRINGFROM
026D0		TSTL  	-20(FP)			;   STRINGFROM
026DB	X.1:	CMPL  	I^#-268435456,-20(FP)	;   STRINGFROM026E3		BEQL  	X.2
026E5		MOVC3 	I^#521,8(AP),@-20(FP)	;   ^X209  STRINGFROM
026ED		MOVL  	-4(FP),R11
02702		MOVL  	-4(FP),R0
02718		MOVL  	R0,-16(FP)		;   STRINGTO
0271C		TSTL  	-16(FP)			;   STRINGTO
02727	X.3:	CMPL  	I^#-268435456,-16(FP)	;   STRINGTO
02731		MOVC3 	I^#521,8(AP),@-16(FP)	;   ^X209  STRINGTO
02739		TSTL  	-20(FP)			;   STRINGFROM
02744	X.5:	CMPL  	I^#-268435456,-20(FP)	;   STRINGFROM
0274E		TSTL  	-16(FP)			;   STRINGTO
02759	X.7:	CMPL  	I^#-268435456,-16(FP)	;   STRINGTO
02763		CMPL  	@-20(FP),@-16(FP)	;   STRINGFROM  STRINGTO
0276A		MOVL  	-4(FP),R00276E		CALLS 	S^#0,B.29
02774		TSTL  	-16(FP)			;   STRINGTO
0277F	X.9:	CMPL  	I^#-268435456,-16(FP)	;   STRINGTO
02789		MOVL  	@-16(FP),-24(FP)	;   STRINGTO  V.165
0278E		TSTL  	@-16(FP)		;   STRINGTO
02796	L.11:	MOVL  	-4(FP),R11
0279F		TSTL  	-20(FP)			;   STRINGFROM
027AA	X.11:	CMPL  	I^#-268435456,-20(FP)	;   STRINGFROM
027B4		MOVL  	-4(FP),R11
027B8		TSTL  	-16(FP)			;   STRINGTO
027C3	X.13:	CMPL  	I^#-268435456,-16(FP)	;   STRINGTO
027CD		MOVL  	-4(FP),R10
027D1		MOVAB 	@-20(FP),R9		;   STRINGFROM
027F8		MOVAB 	@-16(FP),R9		;   STRINGTO
02810		MOVB  	4(R10),STATIC.+2016[R11];   MAP
02819		MOVL  	-4(FP),R11
0281D		MOVL  	-4(FP),R1002821		ADDL3 	S^#1,-552(R10),-552(R11);   I  I
02829		CMPL  	-552(R11),-24(FP)	;   I  V.165
	;	Begin subroutine GETAHDR
02840	B.32:	.WORD	^M<R2,R3,R4,R5,R9,R10,R11,IV>
02852		MOVL  	-4(FP),R11
0287C		CLRB  	-13(FP)			;   JUST
02887		MOVB  	S^#1,-13(FP)		;   JUST
02893		MOVL  	-4(FP),R10
028B1		MOVL  	-4(FP),R0
						; LINE 9-93028BE		MOVL  	-4(FP),R0
028CB		MOVL  	-4(FP),R10
028DF		MOVB  	S^#2,-13(FP)		;   JUST
028E9		MOVL  	-4(FP),R0
02942		MOVB  	-13(FP),520(R10)	;   JUST
02948		MOVL  	-4(FP),R9
0295E		MOVL  	-4(FP),R0
	;	Begin subroutine GETHDRTRLR
02976	B.31:	.WORD	^M<R11,IV>
						; LINE 9-11102982		PUSHAL	-16(FP)			;   NEWHT
02985		MOVL  	FP,R0
0298D		MOVL  	-4(FP),R11
02997		PUSHAL	-16(FP)			;   NEWHT
029B0		CMPL  	-16(FP),I^#-268435456	;   NEWHT
029BA		TSTL  	-16(FP)			;   NEWHT
029C5	X.1:	CMPL  	I^#-268435456,-16(FP)	;   NEWHT
029CF		MOVAB 	@-16(FP),R11		;   NEWHT
029E9		PUSHL 	-16(FP)			;   NEWHT
029F3		MOVL  	I^#-268435456,-16(FP)	;   NEWHT
029FB		MOVL  	-16(FP),@8(AP)		;   NEWHT  NEWHDR
	;	Begin subroutine GETCMD
02A0B	B.28:	.WORD	^M<R2,R3,R4,R5,R9,R10,R11,IV>
02A19		CLRB  	-545(FP)		;   BADLINE
02A1D		MOVL  	S^#1,STATIC.+660	;   CMDPTR
02A24		PUSHAB	-544(FP)		;   CURTOK
02A2F		CMPB  	-544+4(FP),S^#1		;   CURTOK
02A36		MOVL  	FP,R0
02A41		MOVB  	-544+5(FP),-553(FP)	;   CURTOK  SAVECMD
02A48		PUSHAB	-544(FP)		;   CURTOK
02A53		MOVZBL	-553(FP),AP		;   SAVECMD
02A9D		MOVB  	S^#1,STATIC.+1991	;   PAGE_TOP
02AA4		MOVL  	-4(FP),R0
02AB0		CMPB  	-544+4(FP),S^#6		;   CURTOK
02AB7	L.10:	CMPB  	-544+4(FP),S^#1		;   CURTOK
02ABE		CLRB  	STATIC.+1989		;   CURSTATE
02AC6		CMPB  	-544+4(FP),S^#2		;   CURTOK
02ACD	L.13:	CMPB  	-544+5(FP),S^#5		;   CURTOK
02AD4		MOVB  	S^#4,STATIC.+1989	;   CURSTATE
02ADD		MOVL  	FP,R0
02AE8		MOVB  	S^#1,STATIC.+1989	;   CURSTATE
02AF2		MOVB  	S^#2,STATIC.+1989	;   CURSTATE
02AFC		MOVB  	S^#3,STATIC.+1989	;   CURSTATE
02B06		CMPB  	-544+4(FP),S^#6		;   CURTOK
02B0D	L.22:	CMPB  	-544+4(FP),S^#1		;   CURTOK
02B14		CMPB  	-544+4(FP),S^#4		;   CURTOK
02B1B	L.24:	CMPB  	-544+4(FP),S^#5		;   CURTOK
02B22		MOVL  	FP,R0
02B2C		MOVL  	-544+8(FP),STATIC.+760	;   CURTOK  PINDENT
02B37		CLRL  	STATIC.+760		;   PINDENT
02B40		TSTB  	STATIC.+1990		;   ATTOP
02B48	L.31:	TSTB  	STATIC.+1991		;   PAGE_TOP
02B50	L.32:	TSTB  	STATIC.+1990		;   ATTOP02B56		BEQL  	.+4
02B5B		CMPB  	-544+4(FP),S^#6		;   CURTOK
02B62	L.34:	CMPB  	-544+4(FP),S^#1		;   CURTOK
02B69		TSTB  	STATIC.+1990		;   ATTOP
02B71		MOVL  	-4(FP),R0
02B7A		MOVL  	-4(FP),R0
02B85		CMPB  	-544+4(FP),S^#4		;   CURTOK
02B8C		MOVL  	FP,R0
02B96		TSTL  	-544+8(FP)		;   CURTOK
02B9C		TSTB  	STATIC.+1990		;   ATTOP
02BA4	L.42:					; LINE 9-16002BA4		MOVL  	-4(FP),R0
02BAD		MOVL  	-4(FP),R0
02BB6		SUBL3 	S^#1,-544+8(FP),-1020(FP)
02BBE		TSTL  	-1020(FP)		;   V.170
02BC4	L.44:	MOVL  	S^#1,-552(FP)		;   I
02BC9		TSTB  	STATIC.+1990		;   ATTOP
02BD1		MOVL  	-4(FP),R0
02BDA	L.47:	ADDL3 	S^#1,-552(FP),-552(FP)	;   I  I
02BE2		CMPL  	-552(FP),-1020(FP)	;   I  V.170
02BEE		MOVB  	S^#1,STATIC.+1992	;   DONE
02BF8		PUSHAL	STATIC.+828		;   NTITLE
02BFE		PUSHL 	STATIC.+824		;   CTITLE
02C04		MOVL  	FP,R0
02C0F		PUSHAL	STATIC.+836		;   NFOOT
02C15		PUSHL 	STATIC.+832		;   CFOOT
02C1B		MOVL  	FP,R0
02C26		CMPL  	STATIC.+0,I^#-268435456	;   ENTRY_F
02C36		PUSHAB	-1054(FP)
02C41		MOVW  	-1054(FP),-886(FP)	;   JOB_ID
02C48		MOVC3 	-886(FP),-1052(FP),-886+2(FP)
02C52		CVTWL 	-886(FP),AP		;   JOB_ID
02C5C		CVTWL 	-886(FP),R10		;   JOB_ID
02C7D		CVTWL 	-886(FP),R9		;   JOB_ID
02C8D	X.4:	ADDL2 	FP,R11
02C96		MOVC3 	AP,-886+1(R11),-1060(FP);   JOB_ID02C9E		MOVC3 	S^#7,K.41,0(R3)
02CAE		PUSHAB	-1060(FP)
02CBC		MOVL  	AP,STATIC.+0		;   ENTRY_F
02CC3		MOVL  	I^#-268435456,STATIC.+840
02CCE		MOVL  	I^#-268435456,STATIC.+844
02CE7		MOVL  	FP,R0
02CFF		PUSHAL	STATIC.+844		;   NENTRY
02D05		PUSHL 	STATIC.+840		;   CENTRY
02D0B		MOVL  	FP,R0
02D13		CMPL  	STATIC.+840,STATIC.+844	;   CENTRY  NENTRY
02D20		PUSHAL	STATIC.+840		;   CENTRY
02D2B		MOVL  	STATIC.+844,STATIC.+840	;   NENTRY  CENTRY02D36	L.63:					; LINE 9-187
02D36		CMPL  	STATIC.+840,I^#-268435456
02D43		CLRL  	STATIC.+2656		;   S_LEN
02D4B		TSTL  	STATIC.+840		;   CENTRY
02D59	X.5:	CMPL  	I^#-268435456,STATIC.+840
02D66		MOVAB 	@STATIC.+840,AP		;   CENTRY
02D6D		MOVC3 	I^#510,4(AP),STATIC.+2146
02D78		TSTL  	STATIC.+840		;   CENTRY
02D86	X.7:	CMPL  	I^#-268435456,STATIC.+840
02D93		MOVL  	@STATIC.+840,STATIC.+2656
02D9E		MOVL  	STATIC.+2656,-1024(FP)	;   S_LEN  V.171
02DA7		TSTL  	STATIC.+2656		;   S_LEN
02DB2	L.68:	MOVL  	S^#1,-552(FP)		;   I
02DB7		INDEX 	-552(FP),S^#1,I^#255,S^#2,I^#-1,AP
02DC8		MOVAB 	STATIC.+2146,R11	;   S_VAL02DCF		ADDL2 	AP,R11
02DE0		TSTB  	STATIC.+1990		;   ATTOP
02DE8		TSTL  	STATIC.+0		;   ENTRY_F
02DF6	X.9:	CMPL  	I^#-268435456,STATIC.+0	;   ENTRY_F
02E03		PUSHL 	STATIC.+0		;   ENTRY_F
02E09		PUSHL 	STATIC.+860+4		;   NNUMBER
02E1E		TSTL  	STATIC.+0		;   ENTRY_F
02E2C	X.11:	CMPL  	I^#-268435456,STATIC.+0	;   ENTRY_F
02E39		PUSHL 	STATIC.+0		;   ENTRY_F
02E3F		PUSHL 	STATIC.+848+4		;   CNUMBER
02E54		TSTL  	STATIC.+0		;   ENTRY_F
02E62	X.13:	CMPL  	I^#-268435456,STATIC.+0	;   ENTRY_F
02E6F		MOVL  	STATIC.+0,AP		;   ENTRY_F02E76		INDEX 	-552(FP),S^#1,I^#255,S^#2,I^#-1,R11
02E87		MOVAB 	STATIC.+2146,R10	;   S_VAL
02E95		TSTL  	STATIC.+0		;   ENTRY_F
02EA3	X.15:	CMPL  	I^#-268435456,STATIC.+0	;   ENTRY_F
02EB0		PUSHL 	STATIC.+0		;   ENTRY_F
02EBD		ADDL3 	S^#1,-552(FP),-552(FP)	;   I  I
02EC5		CMPL  	-552(FP),-1024(FP)	;   I  V.171
02ED1		TSTL  	STATIC.+0		;   ENTRY_F
02EDF	X.17:	CMPL  	I^#-268435456,STATIC.+0	;   ENTRY_F
02EEC		PUSHL 	STATIC.+0		;   ENTRY_F
02EFC		CMPL  	STATIC.+140,S^#8	;   INF_DEPTH
02F05		MOVL  	FP,R0
02F10		CMPL  	STATIC.+0,I^#-268435456	;   ENTRY_F
02F1D		MOVL  	FP,R0
02F28		PUSHL 	STATIC.+0		;   ENTRY_F
02F2E		PUSHAB	-1171(FP)
02F39		MOVW  	-1171(FP),-1014(FP)	;   ENTRY_FILE_NAME
02F40		MOVC3 	-1014(FP),-1169(FP),-1014+2(FP)
02F4A		TSTL  	STATIC.+0		;   ENTRY_F
02F58	X.19:	CMPL  	I^#-268435456,STATIC.+0	;   ENTRY_F
02F65		PUSHL 	STATIC.+0		;   ENTRY_F
02F77		MOVZWL	-1014(FP),-(SP)		;   ENTRY_FILE_NAME
02F7C		PUSHAB	-1014+2(FP)		;   ENTRY_FILE_NAME
02F8A		MOVL  	AP,STATIC.+0		;   ENTRY_F
02F9F		ADDL3 	S^#1,STATIC.+140,AP	;   INF_DEPTH
02FB7		MOVL  	AP,STATIC.+140		;   INF_DEPTH
						; LINE 9-21502FBE		INDEX 	STATIC.+140,S^#1,S^#8,S^#1,I^#-1,AP
02FCD		MOVL  	STATIC.+0,STATIC.+108[AP]
02FDC		CMPB  	-544+4(FP),S^#2		;   CURTOK
02FE3		MOVL  	FP,R0
02FED		CMPB  	-544+5(FP),S^#2		;   CURTOK
02FF4		CLRB  	STATIC.+668		;   DODECAP
02FFC		CMPB  	-544+5(FP),S^#3		;   CURTOK
03003		MOVB  	S^#1,STATIC.+668	;   DODECAP
0300A		CLRB  	STATIC.+670		;   NODECAP
03012		MOVL  	FP,R0
0301D		CMPB  	-544+4(FP),S^#2		;   CURTOK
03024		MOVL  	FP,R0
0302E		CMPB  	-544+5(FP),S^#2		;   CURTOK
03035		CLRB  	STATIC.+669		;   DOUNDER
0303B		CLRB  	STATIC.+672		;   UNDER_STATE
03043		CMPB  	-544+5(FP),S^#3		;   CURTOK
0304A		MOVB  	S^#1,STATIC.+669	;   DOUNDER
03051		CLRB  	STATIC.+672		;   UNDER_STATE
03059		MOVL  	FP,R0
03064		CMPB  	-544+4(FP),S^#2		;   CURTOK
0306B		CMPB  	-544+4(FP),S^#4		;   CURTOK
03072		MOVL  	-544+8(FP),STATIC.+768	;   CURTOK  CLINDENT
0307D		CMPB  	-544+4(FP),S^#5		;   CURTOK
03084		ADDL3 	-544+8(FP),STATIC.+768,STATIC.+768
03094		CMPB  	-544+4(FP),S^#6		;   CURTOK
0309B	L.115:	CMPB  	-544+4(FP),S^#1		;   CURTOK
030A2		CLRL  	STATIC.+768		;   CLINDENT
030AA		MOVL  	FP,R0
030B5		CMPB  	-544+5(FP),S^#4		;   CURTOK
030BC		PUSHAB	-544(FP)		;   CURTOK
030C7		CMPB  	-544+4(FP),S^#4		;   CURTOK
030CE		MOVL  	-544+8(FP),STATIC.+764	;   CURTOK  CRINDENT
030D9		CMPB  	-544+4(FP),S^#5		;   CURTOK
030E0		ADDL3 	-544+8(FP),STATIC.+764,STATIC.+764
030F0		CMPB  	-544+4(FP),S^#6		;   CURTOK
030F7	L.127:	CMPB  	-544+4(FP),S^#1		;   CURTOK
030FE		CLRL  	STATIC.+764		;   CRINDENT
03106		MOVL  	FP,R0
03110		CMPB  	-544+5(FP),S^#5		;   CURTOK
03117		PUSHAB	-544(FP)		;   CURTOK
03122		CMPB  	-544+4(FP),S^#4		;   CURTOK
03129		MOVL  	-544+8(FP),STATIC.+768	;   CURTOK  CLINDENT
03134		CMPB  	-544+4(FP),S^#5		;   CURTOK
0313B		ADDL3 	-544+8(FP),STATIC.+768,STATIC.+768
0314B		CMPB  	-544+4(FP),S^#6		;   CURTOK
03152	L.139:	CMPB  	-544+4(FP),S^#1		;   CURTOK
03159		CLRL  	STATIC.+768		;   CLINDENT
03161		MOVL  	FP,R0
0316C	L.148:					; LINE 9-2630316C		CMPB  	-544+4(FP),S^#6		;   CURTOK
03173	L.149:	CMPB  	-544+4(FP),S^#1		;   CURTOK
0317A		CLRL  	STATIC.+772		;   CSPACING
03182		CMPB  	-544+4(FP),S^#4		;   CURTOK
03189		SUBL3 	S^#1,-544+8(FP),STATIC.+772
03195		MOVL  	FP,R0
031A0		CMPB  	-544+4(FP),S^#2		;   CURTOK
031AA		CMPB  	-544+5(FP),S^#6		;   CURTOK
031B1		MOVL  	FP,R0
03263		PUSHAL	-552(FP)		;   I
03270		TSTL  	-552(FP)		;   I
03276	L.161:	CMPL  	-552(FP),I^#133		;   I  ^X85
03281		MOVL  	-552(FP),STATIC.+780	;   I  NWIDTH
0328C		MOVL  	FP,R0
03296		CMPB  	-544+4(FP),S^#4		;   CURTOK
0329D		MOVL  	-544+8(FP),STATIC.+780	;   CURTOK  NWIDTH
032A8		MOVL  	FP,R0
032B3		CMPB  	-544+4(FP),S^#2		;   CURTOK
032BD		CMPB  	-544+5(FP),S^#6		;   CURTOK
032C4		MOVL  	FP,R0
03376		PUSHAL	-552(FP)		;   I
03383		TSTL  	-552(FP)		;   I
03389	L.176:	CMPL  	-552(FP),I^#133		;   I  ^X85
03394		MOVL  	-552(FP),STATIC.+788	;   I  NMARGIN
0339F		MOVL  	FP,R0
033A9		CMPB  	-544+4(FP),S^#4		;   CURTOK
033B0		MOVL  	-544+8(FP),STATIC.+788	;   CURTOK  NMARGIN
033BB		MOVL  	FP,R0
033C6		CMPB  	-544+4(FP),S^#2		;   CURTOK
033D0		CMPB  	-544+5(FP),S^#6		;   CURTOK
033D7		MOVL  	FP,R0
03489		PUSHAL	STATIC.+804		;   NTOP
0349A		CMPB  	-544+4(FP),S^#4		;   CURTOK
034A1		MOVL  	-544+8(FP),STATIC.+804	;   CURTOK  NTOP
034AC		MOVL  	FP,R0
034B7		CMPB  	-544+4(FP),S^#2		;   CURTOK
034C1		CMPB  	-544+5(FP),S^#6		;   CURTOK
034C8		MOVL  	FP,R0
0357A		PUSHAL	STATIC.+812		;   NBOTTOM
0358B		CMPB  	-544+4(FP),S^#4		;   CURTOK
03592		MOVL  	-544+8(FP),STATIC.+812	;   CURTOK  NBOTTOM
0359D		MOVL  	FP,R0
035A8		CMPB  	-544+4(FP),S^#2		;   CURTOK
035B2		CMPB  	-544+5(FP),S^#6		;   CURTOK
035B9		MOVL  	FP,R0
0366B		PUSHAL	STATIC.+820		;   NLENGTH
0367C		CMPB  	-544+4(FP),S^#4		;   CURTOK
03683		MOVL  	-544+8(FP),STATIC.+820	;   CURTOK  NLENGTH0368C		BRB   	L.217
0368E		MOVL  	FP,R0
03699		CLRB  	STATIC.+860+8		;   NNUMBER
0369F		CMPB  	-544+4(FP),S^#2		;   CURTOK
036A6		CMPB  	-544+5(FP),S^#1		;   CURTOK
036AD		MOVB  	S^#1,STATIC.+860	;   NNUMBER
036B4		PUSHAB	-544(FP)		;   CURTOK
036C1		TSTB  	-544+5(FP)		;   CURTOK
036C7		CLRB  	STATIC.+860		;   NNUMBER
036CD		PUSHAB	-544(FP)		;   CURTOK
036DA		CMPB  	-544+5(FP),S^#2		;   CURTOK
036E1		MOVB  	S^#2,STATIC.+860	;   NNUMBER
036EB		MOVB  	S^#1,STATIC.+860	;   NNUMBER
036F4		CMPB  	-544+4(FP),S^#4		;   CURTOK
036FB		MOVL  	FP,R0
03705		CMPB  	-544+4(FP),S^#2		;   CURTOK
0370C		CMPB  	-544+5(FP),S^#7		;   CURTOK
03713		MOVB  	S^#1,STATIC.+860+8	;   NNUMBER
0371A		PUSHAB	-544(FP)		;   CURTOK
03725		CMPB  	-544+4(FP),S^#2		;   CURTOK
0372C		CMPB  	-544+5(FP),S^#4		;   CURTOK
03733		CLRB  	STATIC.+860+1		;   NNUMBER
0373B		CMPB  	-544+5(FP),S^#5		;   CURTOK
03742		MOVB  	S^#1,STATIC.+860+1	;   NNUMBER
0374B		MOVL  	FP,R0
03755		PUSHAB	-544(FP)		;   CURTOK
03762		MOVB  	S^#2,STATIC.+860+1	;   NNUMBER
03769		CMPB  	-544+4(FP),S^#4		;   CURTOK
03770		MOVL  	-544+8(FP),STATIC.+860+4;   CURTOK  NNUMBER
0377C		CMPB  	-544+4(FP),S^#4		;   CURTOK
03783		MOVL  	FP,R0
0378D		ADDL3 	STATIC.+792,-544+8(FP),AP
03797		SUBL3 	STATIC.+808,STATIC.+816,R11
037A8	L.255:	TSTL  	STATIC.+816		;   CLENGTH
037B0		MOVL  	-4(FP),R0
037BC		CLRL  	-640(FP)		;   NEWTABCNT
037C0		CMPB  	-544+4(FP),S^#4		;   CURTOK
037CA	L.262:	TSTB  	-545(FP)		;   BADLINE037CE		BEQL  	.+4
037D3		CMPL  	-640(FP),S^#20		;   NEWTABCNT  ^X14
037DD		TSTL  	-640(FP)		;   NEWTABCNT
037E3		INDEX 	-640(FP),S^#1,S^#20,S^#1,I^#-1,AP
037F0		CMPL  	-544+8(FP),-636(FP)[AP]	;   CURTOK  NEWTABS
037FA		MOVL  	FP,R0
03802		ADDL3 	S^#1,-640(FP),AP	;   NEWTABCNT
03817		MOVL  	AP,-640(FP)		;   NEWTABCNT
0381C		INDEX 	-640(FP),S^#1,S^#20,S^#1,I^#-1,AP
03829		MOVL  	-544+8(FP),-636(FP)[AP]	;   CURTOK  NEWTABS
03831		PUSHAB	-544(FP)		;   CURTOK
0383C		CMPB  	-544+4(FP),S^#7		;   CURTOK
03843	L.269:	CMPB  	-544+5(FP),S^#44	;   CURTOK  ^X2C
0384A		PUSHAB	-544(FP)		;   CURTOK
03855		CMPB  	-544+4(FP),S^#4		;   CURTOK
0385C		MOVL  	FP,R0
03866		MOVL  	FP,R0
03871		CMPB  	-544+4(FP),S^#6		;   CURTOK
03878	L.277:	CMPB  	-544+4(FP),S^#1		;   CURTOK
0387F		TSTB  	-545(FP)		;   BADLINE
03885		MOVL  	-640(FP),STATIC.+756	;   NEWTABCNT  CURTABCNT
0388E		MOVC3 	I^#80,-636(FP),STATIC.+676
0389C		TSTB  	-545(FP)		;   BADLINE
038A2		MOVL  	FP,R0
038AD		MOVL  	FP,R0
038B8		CMPB  	-544+4(FP),S^#2		;   CURTOK
038BF		MOVL  	FP,R0
038C9		CMPB  	-544+5(FP),S^#2		;   CURTOK
038D0		CLRB  	STATIC.+671		;   DOCONTROL
038D6		CLRB  	STATIC.+673		;   CURRENT_STATE
038DE		CMPB  	-544+5(FP),S^#3		;   CURTOK
038E5		MOVB  	S^#1,STATIC.+671	;   DOCONTROL						; LINE 9-394
038EC		CLRB  	STATIC.+673		;   CURRENT_STATE
038F4		MOVL  	FP,R0
038FF		CLRL  	-740(FP)		;   NEWLEVCNT
03903		MOVZBL	-544+4(FP),AP		;   CURTOK
03913	L.299:	TSTB  	-545(FP)		;   BADLINE
0391C		CMPL  	-740(FP),S^#8		;   NEWLEVCNT
03926		ADDL3 	S^#1,-740(FP),AP	;   NEWLEVCNT
0393B		MOVL  	AP,-740(FP)		;   NEWLEVCNT
03940		CMPB  	-544+4(FP),S^#5		;   CURTOK
03947		INDEX 	-740(FP),S^#1,S^#8,S^#8,I^#-1,AP
03954		ADDL2 	FP,AP
0395E		INDEX 	-740(FP),S^#1,S^#8,S^#8,I^#-1,AP
0396B		ADDL2 	FP,AP
03972		INDEX 	-740(FP),S^#1,S^#8,S^#8,I^#-1,AP
0397F		ADDL2 	FP,AP
03982		MOVL  	-544+8(FP),-704(AP)	;   CURTOK  NEWPOSN
03989		PUSHAB	-544(FP)		;   CURTOK
03994		CMPB  	-544+4(FP),S^#7		;   CURTOK
0399B	L.305:	CMPB  	-544+5(FP),S^#44	;   CURTOK  ^X2C
039A2		PUSHAB	-544(FP)		;   CURTOK
039AD		MOVZBL	-544+4(FP),AP		;   CURTOK
039BA		MOVL  	FP,R0
039C4		MOVL  	FP,R0
039CF		CMPB  	-544+4(FP),S^#6		;   CURTOK
039D6	L.313:	CMPB  	-544+4(FP),S^#1		;   CURTOK
039E0		TSTB  	-545(FP)		;   BADLINE
039E9		TSTL  	-740(FP)		;   NEWLEVCNT
039EF	L.317:	MOVL  	S^#1,-552(FP)		;   I
039F4		INDEX 	-552(FP),S^#1,S^#8,S^#8,I^#-1,AP
03A01		MOVAB 	STATIC.+44,R11		;   CURPOSN
03A0D		INDEX 	-552(FP),S^#1,S^#8,S^#8,I^#-1,AP
03A1A		MOVAB 	STATIC.+44,R11		;   CURPOSN
03A28		ADDL3 	S^#1,-552(FP),-552(FP)	;   I  I03A30		CMPL  	-552(FP),S^#8		;   I
03A39		ADDL3 	S^#1,-740(FP),AP	;   NEWLEVCNT
03A44	L.323:	MOVL  	AP,-552(FP)		;   I
03A49		INDEX 	-552(FP),S^#1,S^#8,S^#8,I^#-1,AP
03A56		ADDL2 	FP,AP
03A59		INDEX 	-740(FP),S^#1,S^#8,S^#8,I^#-1,R11
03A66		ADDL2 	FP,R11
03A70		ADDL3 	S^#1,-552(FP),-552(FP)	;   I  I
03A78		CMPL  	-552(FP),S^#8		;   I
03A7F		MOVC3 	I^#64,-704(FP),STATIC.+44
03A8B		CLRL  	STATIC.+12		;   CURLEVNUM
03A91		MOVL  	S^#1,STATIC.+8		;   CLEVEL
03A98		INDEX 	STATIC.+8,S^#1,S^#8,S^#8,I^#-1,AP
03AA7		MOVAB 	STATIC.+44,R11		;   CURPOSN
03AB6		INDEX 	STATIC.+8,S^#1,S^#8,S^#8,I^#-1,AP						;   CLEVEL
03AC5		MOVAB 	STATIC.+44,R11		;   CURPOSN
03ACF		ADDL3 	0(R11),STATIC.+768,STATIC.+768
03ADD		INDEX 	STATIC.+8,S^#1,S^#8,S^#8,I^#-1,AP
03AEC		MOVAB 	STATIC.+44,R11		;   CURPOSN
03AF6		SUBL3 	S^#1,0(R11),STATIC.+768	;   CLINDENT
03B00		TSTB  	-545(FP)		;   BADLINE
03B06		MOVL  	FP,R0
03B11		MOVZBL	-544+4(FP),AP		;   CURTOK
03B21		CMPB  	-544+4(FP),S^#5		;   CURTOK
03B28		ADDL3 	-544+8(FP),STATIC.+8,-744(FP)						;   CURTOK  CLEVEL  NEWLEVEL
03B36		MOVL  	-544+8(FP),-744(FP)	;   CURTOK  NEWLEVEL
03B3D		TSTL  	-744(FP)		;   NEWLEVEL
03B46	L.341:	CMPL  	-744(FP),S^#8		;   NEWLEVEL
03B50		CMPL  	-744(FP),STATIC.+8	;   NEWLEVEL  CLEVEL
03B5E		MOVL  	-744(FP),-1028(FP)	;   NEWLEVEL  V.172
03B65		ADDL3 	S^#1,STATIC.+8,AP	;   CLEVEL
03B6D		CMPL  	AP,-744(FP)		;   NEWLEVEL
03B77	L.344:	MOVL  	AP,-552(FP)		;   I
03B7C		INDEX 	-552(FP),S^#1,S^#8,S^#1,I^#-1,AP
03B89		CLRL  	STATIC.+12[AP]		;   CURLEVNUM
03B90		INDEX 	-552(FP),S^#1,S^#8,S^#8,I^#-1,AP
03B9D		MOVAB 	STATIC.+44,R11		;   CURPOSN
03BAC		INDEX 	-552(FP),S^#1,S^#8,S^#8,I^#-1,AP
03BB9		MOVAB 	STATIC.+44,R11		;   CURPOSN
03BC3		ADDL3 	0(R11),STATIC.+768,STATIC.+768
03BD1		INDEX 	-552(FP),S^#1,S^#8,S^#8,I^#-1,AP
03BDE		MOVAB 	STATIC.+44,R11		;   CURPOSN
03BE8		SUBL3 	S^#1,0(R11),STATIC.+768	;   CLINDENT
03BF0		ADDL3 	S^#1,-552(FP),-552(FP)	;   I  I
03BF8		CMPL  	-552(FP),-1028(FP)	;   I  V.172
03C04		CMPL  	-744(FP),S^#1		;   NEWLEVEL
03C11	X.67:	CMPL  	-744(FP),S^#8		;   NEWLEVEL
03C18		MOVL  	-744(FP),STATIC.+8	;   NEWLEVEL  CLEVEL
03C24		INDEX 	-744(FP),S^#1,S^#8,S^#8,I^#-1,AP
03C31		MOVAB 	STATIC.+44,R11		;   CURPOSN
03C40		INDEX 	-744(FP),S^#1,S^#8,S^#8,I^#-1,AP
						;   NEWLEVEL03C4D		MOVAB 	STATIC.+44,R11		;   CURPOSN
03C57		SUBL3 	S^#1,0(R11),STATIC.+768	;   CLINDENT
03C62		ADDL3 	S^#1,-744(FP),-1032(FP)	;   NEWLEVEL  V.173
03C6A		CMPL  	STATIC.+8,-1032(FP)	;   CLEVEL  V.173
03C75	L.355:	MOVL  	STATIC.+8,-552(FP)	;   CLEVEL  I
03C7E		INDEX 	-552(FP),S^#1,S^#8,S^#8,I^#-1,AP
03C8B		MOVAB 	STATIC.+44,R11		;   CURPOSN
03C9A		INDEX 	-552(FP),S^#1,S^#8,S^#8,I^#-1,AP
03CA7		MOVAB 	STATIC.+44,R11		;   CURPOSN
03CB1		SUBL3 	0(R11),STATIC.+768,STATIC.+768
03CBF		INDEX 	-552(FP),S^#1,S^#8,S^#8,I^#-1,AP
03CCC		MOVAB 	STATIC.+44,R11		;   CURPOSN
03CD6		SUBL3 	S^#1,0(R11),STATIC.+768	;   CLINDENT
03CDE		SUBL3 	S^#1,-552(FP),-552(FP)	;   I  I
03CE6		CMPL  	-552(FP),-1032(FP)	;   I  V.173
	L.362:					; LINE 9-46303CEF		CMPL  	-744(FP),S^#1		;   NEWLEVEL
03CFC	X.69:	CMPL  	-744(FP),S^#8		;   NEWLEVEL
03D03		MOVL  	-744(FP),STATIC.+8	;   NEWLEVEL  CLEVEL
03D0E		MOVL  	FP,R0
03D18		MOVL  	FP,R0
03D23		CMPB  	-544+4(FP),S^#1		;   CURTOK
03D2A	L.370:	CMPB  	-544+4(FP),S^#6		;   CURTOK
03D31		INDEX 	STATIC.+8,S^#1,S^#8,S^#1,I^#-1,AP
03D40		INDEX 	STATIC.+8,S^#1,S^#8,S^#1,I^#-1,R11
03D4F		ADDL3 	S^#1,STATIC.+12[R11],STATIC.+12[AP]
03D5D		INDEX 	STATIC.+8,S^#1,S^#8,S^#8,I^#-1,AP
						;   CLEVEL03D6C		MOVAB 	STATIC.+44,R11		;   CURPOSN
03D7B		INDEX 	STATIC.+8,S^#1,S^#8,S^#8,I^#-1,AP
03D8A		MOVAB 	STATIC.+44,R11		;   CURPOSN
03D94		SUBL3 	S^#1,0(R11),STATIC.+768	;   CLINDENT
03D9F		CMPB  	-544+4(FP),S^#4		;   CURTOK
03DA9		CLRL  	-740(FP)		;   NEWLEVCNT
03DAD		CMPL  	-740(FP),S^#8		;   NEWLEVCNT
03DB4		ADDL3 	S^#1,-740(FP),AP	;   NEWLEVCNT
03DC9		MOVL  	AP,-740(FP)		;   NEWLEVCNT
03DCE		INDEX 	-740(FP),S^#1,S^#8,S^#1,I^#-1,AP
03DDB		MOVL  	-544+8(FP),-736(FP)[AP]	;   CURTOK  NEWLEVNUM
03DE3		PUSHAB	-544(FP)		;   CURTOK
03DEE		CMPB  	-544+4(FP),S^#7		;   CURTOK
03DF5	L.378:	CMPB  	-544+5(FP),S^#46	;   CURTOK  ^X2E
03DFC		PUSHAB	-544(FP)		;   CURTOK
03E07		CMPB  	-544+4(FP),S^#4		;   CURTOK
03E0E		MOVL  	FP,R0
03E18		MOVL  	FP,R0
03E20	L.384:	CMPB  	-544+4(FP),S^#4		;   CURTOK
03E27	L.385:	TSTB  	-545(FP)		;   BADLINE
03E2D		CMPB  	-544+4(FP),S^#6		;   CURTOK
03E34	L.387:	CMPB  	-544+4(FP),S^#1		;   CURTOK
						; LINE 9-49203E3E		TSTB  	-545(FP)		;   BADLINE
03E47		CMPL  	-744(FP),STATIC.+8	;   NEWLEVEL  CLEVEL
03E55		MOVL  	-744(FP),-1036(FP)	;   NEWLEVEL  V.174
03E5C		ADDL3 	S^#1,STATIC.+8,AP	;   CLEVEL
03E64		CMPL  	AP,-744(FP)		;   NEWLEVEL
03E6E	L.391:	MOVL  	AP,-552(FP)		;   I
03E73		INDEX 	-552(FP),S^#1,S^#8,S^#1,I^#-1,AP
03E80		CLRL  	STATIC.+12[AP]		;   CURLEVNUM
03E87		INDEX 	-552(FP),S^#1,S^#8,S^#8,I^#-1,AP
03E94		MOVAB 	STATIC.+44,R11		;   CURPOSN
03EA3		INDEX 	-552(FP),S^#1,S^#8,S^#8,I^#-1,AP
03EB0		MOVAB 	STATIC.+44,R11		;   CURPOSN
03EBA		ADDL3 	0(R11),STATIC.+768,STATIC.+768
03EC8		INDEX 	-552(FP),S^#1,S^#8,S^#8,I^#-1,AP						;   I
03ED5		MOVAB 	STATIC.+44,R11		;   CURPOSN
03EDF		SUBL3 	S^#1,0(R11),STATIC.+768	;   CLINDENT
03EE7		ADDL3 	S^#1,-552(FP),-552(FP)	;   I  I
03EEF		CMPL  	-552(FP),-1036(FP)	;   I  V.174
03EFB		CMPL  	-744(FP),S^#1		;   NEWLEVEL
03F08	X.73:	CMPL  	-744(FP),S^#8		;   NEWLEVEL
03F0F		MOVL  	-744(FP),STATIC.+8	;   NEWLEVEL  CLEVEL
03F1B		INDEX 	-744(FP),S^#1,S^#8,S^#8,I^#-1,AP
03F28		MOVAB 	STATIC.+44,R11		;   CURPOSN
03F37		INDEX 	-744(FP),S^#1,S^#8,S^#8,I^#-1,AP
03F44		MOVAB 	STATIC.+44,R11		;   CURPOSN
03F4E		SUBL3 	S^#1,0(R11),STATIC.+768	;   CLINDENT
03F59		ADDL3 	S^#1,-744(FP),-1040(FP)	;   NEWLEVEL  V.175
03F61		CMPL  	STATIC.+8,-1040(FP)	;   CLEVEL  V.175
03F6A		BLSS  	L.40903F6C	L.403:	MOVL  	STATIC.+8,-552(FP)	;   CLEVEL  I
03F75		INDEX 	-552(FP),S^#1,S^#8,S^#8,I^#-1,AP
03F82		MOVAB 	STATIC.+44,R11		;   CURPOSN
03F91		INDEX 	-552(FP),S^#1,S^#8,S^#8,I^#-1,AP
03F9E		MOVAB 	STATIC.+44,R11		;   CURPOSN
03FA8		SUBL3 	0(R11),STATIC.+768,STATIC.+768
03FB6		INDEX 	-552(FP),S^#1,S^#8,S^#8,I^#-1,AP
03FC3		MOVAB 	STATIC.+44,R11		;   CURPOSN
03FCD		SUBL3 	S^#1,0(R11),STATIC.+768	;   CLINDENT
03FD5		SUBL3 	S^#1,-552(FP),-552(FP)	;   I  I
03FDD		CMPL  	-552(FP),-1040(FP)	;   I  V.175
03FE6		CMPL  	-740(FP),S^#1		;   NEWLEVCNT
03FF3	X.75:	MOVL  	-740(FP),STATIC.+8	;   NEWLEVCNT  CLEVEL
03FFC		MOVC3 	S^#32,-736(FP),STATIC.+12
04008		TSTB  	-545(FP)		;   BADLINE
0400E		MOVL  	FP,R0
04018		MOVL  	FP,R0
04023		MOVB  	S^#2,-544+4(FP)		;   CURTOK
04028		CLRW  	STATIC.+1912		;   F_NAME
0402E		MOVL  	STATIC.+656,-1044(FP)	;   CMDLEN  V.176
04037		CMPL  	-544(FP),STATIC.+656	;   CURTOK  CMDLEN
04042	L.422:	MOVL  	-544(FP),-552(FP)	;   CURTOK  I
04049		MOVW  	STATIC.+1912,AP		;   F_NAME
04050		INDEX 	-552(FP),S^#1,I^#255,S^#2,I^#-1,R11
04061		MOVAB 	STATIC.+144,R10		;   CMDLN
0406B		ADDW2 	S^#1,AP0406E		MOVC3 	STATIC.+1912,STATIC.+1912+2,-1120(FP)
0407F		MOVW  	AP,STATIC.+1912		;   F_NAME
04086		CMPW  	STATIC.+1912,I^#75	;   F_NAME  ^X4B
04091		MOVW  	I^#75,STATIC.+1912	;   ^X4B  F_NAME
0409A	X.76:	MOVC3 	STATIC.+1912,-1120(FP),STATIC.+1912+2
040A8		ADDL3 	S^#1,-552(FP),-552(FP)	;   I  I
040B0		CMPL  	-552(FP),-1044(FP)	;   I  V.176
040B9		ADDL3 	S^#1,STATIC.+656,STATIC.+660
040C5		MOVL  	S^#1,-876(FP)		;   TIDX
040CA		PUSHAB	-872(FP)		;   FID
040CE		PUSHAL	-876(FP)		;   TIDX
040D2		PUSHAB	STATIC.+1912		;   F_NAME
040E6		MOVL  	FP,R0
040F1		CMPL  	STATIC.+140,S^#8	;   INF_DEPTH
0413D		MOVL  	FP,R0
04148		ADDL3 	S^#1,STATIC.+140,AP	;   INF_DEPTH
0415B		MOVW  	-872(FP),R11		;   FID
04174		MOVC3 	-872(FP),-872+2(FP),0(R3)
04190		MOVL  	R11,STATIC.+108[AP]	;   INF
041A6	L.430:	MOVAL 	-1172(FP),SP
041AB		ADDL3 	S^#1,STATIC.+140,AP	;   INF_DEPTH
041C3		MOVL  	AP,STATIC.+140		;   INF_DEPTH041CA		BRB   	L.433
041CC	L.431:	MOVAL 	-1172(FP),SP
0420D		MOVZWL	STATIC.+1912,-(SP)	;   F_NAME
04214		PUSHAB	STATIC.+1912+2		;   F_NAME
04234		MOVL  	FP,R0
0423F		INDEX 	STATIC.+140,S^#1,S^#8,S^#1,I^#-1,AP
0424E		CMPL  	STATIC.+108[AP],STATIC.+0
0425F		PUSHL 	STATIC.+0		;   ENTRY_F
04265		PUSHAB	-1171(FP)
04270		MOVW  	-1171(FP),-1014(FP)	;   ENTRY_FILE_NAME
04277		MOVC3 	-1014(FP),-1169(FP),-1014+2(FP)
04281		TSTL  	STATIC.+0		;   ENTRY_F
0428F	X.83:	CMPL  	I^#-268435456,STATIC.+0	;   ENTRY_F
0429C		PUSHL 	STATIC.+0		;   ENTRY_F
042AE		MOVZWL	-1014(FP),-(SP)		;   ENTRY_FILE_NAME
042B3		PUSHAB	-1014+2(FP)		;   ENTRY_FILE_NAME
042C1		MOVL  	AP,STATIC.+0		;   ENTRY_F
042C8		TSTL  	STATIC.+0		;   ENTRY_F
042D6	X.85:	CMPL  	I^#-268435456,STATIC.+0	;   ENTRY_F
042E3		PUSHL 	STATIC.+0		;   ENTRY_F
042F0		MOVL  	I^#-268435456,STATIC.+0	;   ENTRY_F
042FD		INDEX 	STATIC.+140,S^#1,S^#8,S^#1,I^#-1,AP
0430C		TSTL  	STATIC.+108[AP]		;   INF
0431B	X.87:	CMPL  	I^#-268435456,STATIC.+108[AP]
04329		PUSHL 	STATIC.+108[AP]		;   INF04330		CALLS 	S^#1,PAX_FVM.CLOSE
04337		SUBL3 	S^#1,STATIC.+140,AP	;   INF_DEPTH
0434F		MOVL  	AP,STATIC.+140		;   INF_DEPTH
0435E		CMPB  	-544+4(FP),S^#6		;   CURTOK
04365	L.443:	CMPB  	-544+4(FP),S^#1		;   CURTOK
0436C		PUSHAB	-544(FP)		;   CURTOK
04377		CMPB  	-544+4(FP),S^#6		;   CURTOK
0437E	L.445:	CMPB  	-544+4(FP),S^#1		;   CURTOK
04385		TSTB  	-545(FP)		;   BADLINE
0438B		MOVL  	FP,R0
04393		CMPB  	-544+4(FP),S^#6		;   CURTOK
0439A	L.452:	CMPB  	-545(FP),S^#1		;   BADLINE
	;	Begin subroutine WRITEL
043AF	B.13:	.WORD	^M<R9,R10,R11,IV>
043B9		MOVL  	8(AP),-20(FP)		;   OLEN  V.109
043C6	L.2:	MOVL  	S^#1,-16(FP)		;   I
043CA		INDEX 	-16(FP),S^#1,I^#255,S^#2,I^#-1,R11
						; LINE 2/84043E3		CMPL  	STATIC.+1908,I^#255	;   CHCNT  ^XFF
043F0		ADDL3 	S^#1,STATIC.+1908,STATIC.+1908
043FC		INDEX 	-16(FP),S^#1,I^#255,S^#2,I^#-1,R11
04410		INDEX 	STATIC.+1908,S^#1,I^#255,S^#2,I^#-1,R10
04423		MOVAB 	STATIC.+1394,R9		;   OUTBUF
04432		INDEX 	-16(FP),S^#1,I^#255,S^#2,I^#-1,R11
0444D	L.8:	ADDL3 	S^#1,-16(FP),-16(FP)	;   I  I
04453		CMPL  	-16(FP),-20(FP)		;   I  V.109
	;	Begin subroutine RUN_SCRIBE
0446C	B.24:	.WORD	^M<IV>0446E		CLRL  	-(SP)
04476		TSTB  	STATIC.+1996		;   ADVANCE
044B1		TSTB  	STATIC.+1992		;   DONE
044BC		SUBL3 	STATIC.+784,STATIC.+776,AP
044C8		SUBL2 	STATIC.+768,AP		;   CLINDENT
044CF		SUBL2 	STATIC.+764,AP		;   CRINDENT
044D6		SUBL3 	STATIC.+760,AP,-16(FP)	;   PINDENT  TEMPSPACES
044DF		TSTL  	-16(FP)			;   TEMPSPACES
044E4		CLRL  	-16(FP)			;   TEMPSPACES
044E7		INDEX 	STATIC.+140,S^#1,S^#8,S^#1,I^#-1,AP
044F6		PUSHAL	STATIC.+656		;   CMDLEN
044FC		PUSHAB	STATIC.+144		;   CMDLN04502		PUSHAL	STATIC.+1904		;   OUTLEN
04508		PUSHAB	STATIC.+884		;   OUTLINE
0450E		MOVZBL	STATIC.+1989,-(SP)	;   CURSTATE
04515		PUSHL 	-16(FP)			;   TEMPSPACES
04518		PUSHAL	STATIC.+108[AP]		;   INF
04530		TSTB  	STATIC.+1990		;   ATTOP
04538		MOVL  	FP,R0
04540		TSTL  	STATIC.+1904		;   OUTLEN
0454B		ADDL3 	STATIC.+768,STATIC.+784,AP
04557		ADDL3 	STATIC.+760,AP,STATIC.+2012
04563		TSTB  	STATIC.+1998		;   PRINTLNUM
0456B		PUSHAL	STATIC.+2008		;   LCNT
04571		PUSHAB	STATIC.+2002		;   LNUM
0457E		PUSHL 	STATIC.+2008		;   LCNT
0458C		CMPL  	STATIC.+2012,AP		;   I04593		BLEQ  	L.14
04595		PUSHL 	STATIC.+2008		;   LCNT
045A5		PUSHL 	STATIC.+2008		;   LCNT
045B0		PUSHL 	STATIC.+2008		;   LCNT
045BE		SUBL3 	AP,STATIC.+2012,STATIC.+2012
045CA		PUSHL 	STATIC.+2012		;   I
045D5		PUSHL 	STATIC.+1904		;   OUTLEN
045DB		PUSHAB	STATIC.+884		;   OUTLINE
045E6		MOVL  	FP,R0
045EE		MOVL  	STATIC.+772,-20(FP)	;   CSPACING  V.177
045F6		TSTL  	STATIC.+772		;   CSPACING
045FE	L.17:	MOVL  	S^#1,STATIC.+2012	;   I
04605		TSTB  	STATIC.+1990		;   ATTOP
0460D		MOVL  	FP,R004610		CALLS 	S^#0,B.27
04615	L.20:	ADDL3 	S^#1,STATIC.+2012,STATIC.+2012
04621		CMPL  	STATIC.+2012,-20(FP)	;   I  V.177
0462B		CLRL  	STATIC.+760		;   PINDENT
04631		TSTL  	STATIC.+656		;   CMDLEN
04639		MOVL  	FP,R0
04641		TSTB  	STATIC.+1990		;   ATTOP
04649		MOVL  	STATIC.+780,STATIC.+776	;   NWIDTH  CWIDTH
04654		MOVL  	STATIC.+788,STATIC.+784	;   NMARGIN  CMARGIN
04662		MOVL  	FP,R0
0466A		TSTB  	STATIC.+1999		;   DASHES
04672		MOVL  	STATIC.+776,-24(FP)	;   CWIDTH  V.178
0467A		TSTL  	STATIC.+776		;   CWIDTH
04680		BLEQ  	L.3104682	L.29:	MOVL  	S^#1,STATIC.+2012	;   I
04694		ADDL3 	S^#1,STATIC.+2012,STATIC.+2012
046A0		CMPL  	STATIC.+2012,-24(FP)	;   I  V.178
	S.129:	MOVAL 	-24(FP),SP
	;	Begin subroutine DO_SCRIBE
046C1	B.33:	.ENTRY	DO_SCRIBE,^M<R2,R3,R4,R5,R9,R10,R11,IV>
046E6		CLRB  	-401(FP)		;   FFLAG
046EA		CLRB  	STATIC.+668		;   DODECAP
						; LINE 9/227046F0		MOVB  	S^#1,STATIC.+669	;   DOUNDER
046F7		CLRB  	STATIC.+672		;   UNDER_STATE
04704		MOVL  	S^#1,-16(FP)		;   LINDEX
04714		INDEX 	-16(FP),S^#1,R11,S^#1,S^#1,R11
04726		PUSHAB	-272(FP)		;   OUTFILE
0472A		MOVL  	FP,R0
0473B		MOVW  	S^#14,-420(FP)
04740		MOVC3 	-420(FP),K.54,-418(FP)
0474C		PUSHAB	-420(FP)
04750		MOVL  	FP,R0
0475C		MOVL  	FP,R0
						; LINE 9/2360476D		PUSHAB	-144(FP)		;   INPFILE
04771		MOVL  	FP,R0
04782		MOVW  	S^#20,-426(FP)		;   ^X14
04787		MOVC3 	-426(FP),K.55,-424(FP)
04793		PUSHAB	-426(FP)
04797		MOVL  	FP,R0
047A3		MOVW  	-272(FP),-144(FP)	;   OUTFILE  INPFILE
047AA		MOVC3 	-144(FP),-272+2(FP),-144+2(FP)
047B4		CLRW  	-272(FP)		;   OUTFILE
047B8		MOVB  	S^#1,-401(FP)		;   FFLAG
047BF		MOVL  	FP,R0
047D3		SUBL3 	S^#1,-16(FP),R11	;   LINDEX
047EB		MOVL  	R11,-16(FP)		;   LINDEX
047F1		MOVL  	FP,R0
04804		MOVL  	FP,R0
0481E		MOVL  	FP,R0
0482F		MOVW  	S^#21,-428(FP)		;   ^X15
04834		MOVC3 	-428(FP),K.57,-426(FP)
04840		PUSHAB	-428(FP)
04844		MOVL  	FP,R0
048A7		MOVL  	FP,R0
048B4		MOVL  	FP,R0
048C1		MOVB  	S^#1,STATIC.+1999	;   DASHES
048CB		MOVB  	S^#1,STATIC.+1995	;   PAUSE
048D5		CLRB  	STATIC.+2001		;   DO_UNDER048DB		BRW   	L.41
048DE		MOVB  	S^#1,STATIC.+2000	;   BACKSPACE
048E8		MOVB  	S^#1,STATIC.+1996	;   ADVANCE
048F2		MOVB  	S^#1,STATIC.+1997	;   CC
048FC		MOVB  	S^#1,STATIC.+1998	;   PRINTLNUM
04906		MOVL  	FP,R0
0491D		MOVW  	OPT_NAME,-436(FP)	;   OPT_NAME
0492D		MOVTC 	-436(FP),OPT_NAME+2,S^#32,PAX_UTL.LCTOUC[R0],-436(FP),-434(FP)
04943		CMPC5 	-436(FP),-434(FP),S^#32,S^#1,K.58
04953		MOVL  	FP,R0
04960		MOVW  	OPT_NAME,-436(FP)	;   OPT_NAME
04970		MOVTC 	-436(FP),OPT_NAME+2,S^#32,PAX_UTL.LCTOUC[R0],-436(FP),-434(FP)						;   OPT_NAME  ^X20
04986		CMPC5 	-436(FP),-434(FP),S^#32,S^#3,K.59
04996		MOVL  	FP,R0
049A2		MOVW  	OPT_NAME,-436(FP)	;   OPT_NAME
049B2		MOVTC 	-436(FP),OPT_NAME+2,S^#32,PAX_UTL.LCTOUC[R0],-436(FP),-434(FP)
049C8		CMPC5 	-436(FP),-434(FP),S^#32,S^#9,K.60
049D8		MOVL  	FP,R0
049E4		MOVW  	S^#15,-422(FP)
049E9		MOVC3 	-422(FP),K.61,-420(FP)
049F5		PUSHAB	-422(FP)
049F9		MOVL  	FP,R0
04A05		MOVW  	S^#15,-422(FP)
04A0A		MOVC3 	-422(FP),K.62,-420(FP)
04A16		PUSHAB	-422(FP)
04A1A		MOVL  	FP,R0
04A27		MOVL  	FP,R0
04A38		MOVW  	S^#15,-422(FP)
04A3D		MOVC3 	-422(FP),K.63,-420(FP)
04A49		PUSHAB	-422(FP)
04A4D		MOVL  	FP,R0
04A57		TSTB  	-401(FP)		;   FFLAG
04A60		MOVW  	-144(FP),R11		;   INPFILE
04A79		MOVC3 	-144(FP),-144+2(FP),0(R3)
04A95		MOVL  	R11,STATIC.+108		;   INF
04A9C		MOVL  	S^#1,STATIC.+140	;   INF_DEPTH
04AA3		INDEX 	STATIC.+140,S^#1,S^#8,S^#1,I^#-1,R11
04AB2		TSTL  	STATIC.+108[R11]	;   INF
04AC1	X.6:	CMPL  	I^#-268435456,STATIC.+108[R11]
04ACF		MOVL  	STATIC.+108[R11],R11	;   INF
04ADF	L.48:	MOVAL 	-532(FP),SP
04AE4		MOVW  	S^#15,-422(FP)
04AE9		MOVC3 	-422(FP),K.65,-420(FP)
04AF5		PUSHAB	-422(FP)
04AF9		MOVL  	FP,R0
04B03	L.49:	MOVAL 	-532(FP),SP
04B08		TSTW  	-272(FP)		;   OUTFILE
04B11		MOVW  	-272(FP),R11		;   OUTFILE
04B2A		MOVC3 	-272(FP),-272+2(FP),0(R3)
04B77	L.51:	MOVAL 	-532(FP),SP
04B7C		MOVW  	S^#24,-430(FP)		;   ^X18
04B81		MOVC3 	-430(FP),K.67,-428(FP)
04B8D		PUSHAB	-430(FP)
04B91		MOVL  	FP,R0
04B9B	L.52:	MOVAL 	-532(FP),SP
04BAD		CMPL  	STATIC.+872,I^#-268435456
04BC2		MOVL  	FP,R0
04C2E		INDEX 	STATIC.+140,S^#1,S^#8,S^#1,I^#-1,R11
04C3D		TSTL  	STATIC.+108[R11]	;   INF
04C4C	X.14:	CMPL  	I^#-268435456,STATIC.+108[R11]
04C5A		PUSHL 	STATIC.+108[R11]	;   INF
	S.184:	MOVAL 	-532(FP),SP
04C6D		CMPL  	STATIC.+0,I^#-268435456	;   ENTRY_F
04C7D		PUSHL 	STATIC.+0		;   ENTRY_F
04C83		PUSHAB	-531(FP)
04C8E		MOVW  	-531(FP),-400(FP)	;   ENTRY_NAME
04C95		MOVC3 	-400(FP),-529(FP),-400+2(FP)
04C9F		TSTL  	STATIC.+0		;   ENTRY_F
04CAD	X.16:	CMPL  	I^#-268435456,STATIC.+0	;   ENTRY_F
04CBA		PUSHL 	STATIC.+0		;   ENTRY_F
04CCC		MOVZWL	-400(FP),-(SP)		;   ENTRY_NAME04CD1		PUSHAB	-400+2(FP)		;   ENTRY_NAME
04CDF		MOVL  	R11,STATIC.+0		;   ENTRY_F
04CE6		TSTL  	STATIC.+0		;   ENTRY_F
04CF4	X.18:	CMPL  	I^#-268435456,STATIC.+0	;   ENTRY_F
04D01		PUSHL 	STATIC.+0		;   ENTRY_F
04D0E		MOVL  	I^#-268435456,STATIC.+0	;   ENTRY_F
04D20		CMPL  	STATIC.+832,STATIC.+836	;   CFOOT  NFOOT
04D2D		PUSHAL	STATIC.+832		;   CFOOT
04D3A		PUSHAL	STATIC.+836		;   NFOOT
04D49		PUSHAL	STATIC.+832		;   CFOOT
04D56		CMPL  	STATIC.+824,STATIC.+828	;   CTITLE  NTITLE
04D63		PUSHAL	STATIC.+824		;   CTITLE
						; LINE 9/31704D70		PUSHAL	STATIC.+828		;   NTITLE
04D7F		PUSHAL	STATIC.+824		;   CTITLE
	CLEVEL == STATIC.+8
	CURLEVNUM == STATIC.+12
	CURPOSN == STATIC.+44
	INF == STATIC.+108
	INF_DEPTH == STATIC.+140
	CMDLN == STATIC.+144
	CMDLEN == STATIC.+656
	CMDPTR == STATIC.+660
	REPEAT_CNT == STATIC.+664
	DODECAP == STATIC.+668
	DOUNDER == STATIC.+669
	NODECAP == STATIC.+670
	DOCONTROL == STATIC.+671
	UNDER_STATE == STATIC.+672
	CURRENT_STATE == STATIC.+673
     }W